Change Component Designator: Old Designator=C28 New Designator=C29
Change Component Designator: Old Designator=C29 New Designator=C30
Change Component Designator: Old Designator=C30 New Designator=C32
Change Component Designator: Old Designator=C31 New Designator=C33
Change Component Designator: Old Designator=C33 New Designator=C35
Change Component Designator: Old Designator=C34 New Designator=C36
Change Component Designator: Old Designator=C? New Designator=C28
Change Component Designator: Old Designator=C? New Designator=C31
Change Component Designator: Old Designator=C? New Designator=C34
Change Component Designator: Old Designator=D? New Designator=D6
Change Component Designator: Old Designator=D? New Designator=D7
Change Component Designator: Old Designator=R17 New Designator=R18
Change Component Designator: Old Designator=R18 New Designator=R19
Change Component Designator: Old Designator=R19 New Designator=R20
Change Component Designator: Old Designator=R20 New Designator=R21
Change Component Designator: Old Designator=R21 New Designator=R22
Change Component Designator: Old Designator=R22 New Designator=R24
Change Component Designator: Old Designator=R23 New Designator=R25
Change Component Designator: Old Designator=R24 New Designator=R26
Change Component Designator: Old Designator=R25 New Designator=R27
Change Component Designator: Old Designator=R26 New Designator=R28
Change Component Designator: Old Designator=R27 New Designator=R29
Change Component Designator: Old Designator=R? New Designator=R17
Change Component Designator: Old Designator=R? New Designator=R23
