Removed Pin From Net: NetName=GND Pin=J2-1
Removed Pin From Net: NetName=conv_N Pin=J2-2
Removed Pin From Net: NetName=Buffer_N Pin=R14-1
Removed Pin From Net: NetName=Buffer_P Pin=R18-1
Removed Pin From Net: NetName=Buffer_P Pin=U3-1
Removed Pin From Net: NetName=Buffer_P Pin=U3-2
Removed Pin From Net: NetName=Buffer_N Pin=U3-6
Removed Pin From Net: NetName=Buffer_N Pin=U3-7
Removed Member From Class: ClassName=Amplifier Member=TP12
Change Component Comment : Designator=R4 Old Comment=0R New Comment=dnp
Change Component Comment : Designator=R10 Old Comment=0R New Comment=dnp
Change Component Comment : Designator=R20 Old Comment=0R New Comment=dnp
Change Component Comment : Designator=R16 Old Comment=200R New Comment=dnp
Change component parameters: Designator = "R16" ("R16"); Footprint = "RESC3216X65N"; UniqueID = "\ONXHVJBM" ("\ONXHVJBM")
Change component parameters (AddParameter): Name = "AN"; Value = "22757"; VariantName = "[No Variations]"
Change component parameters (AddParameter): Name = "Case"; Value = "1206"; VariantName = "[No Variations]"
Change component parameters (AddParameter): Name = "Created"; Value = ""; VariantName = "[No Variations]"
Change component parameters (AddParameter): Name = "MF"; Value = "ARCOL/Ohmite"; VariantName = "[No Variations]"
Change component parameters (AddParameter): Name = "Mixed"; Value = "SMT"; VariantName = "[No Variations]"
Change component parameters (AddParameter): Name = "MPN"; Value = "APC1206B200RN"; VariantName = "[No Variations]"
Change component parameters (AddParameter): Name = "possilbeValue"; Value = "200R"; VariantName = "[No Variations]"
Change component parameters (AddParameter): Name = "Preferred"; Value = "Yes"; VariantName = "[No Variations]"
Change component parameters (AddParameter): Name = "Supplier 1"; Value = "Mouser"; VariantName = "[No Variations]"
Change component parameters (AddParameter): Name = "Supplier Part Number 1"; Value = "284-APC1206B200RN"; VariantName = "[No Variations]"
Change component parameters (AddParameter): Name = "Technology"; Value = "TK100"; VariantName = "[No Variations]"
Change component parameters (AddParameter): Name = "Tolerance"; Value = "5%"; VariantName = "[No Variations]"
Change component parameters (AddParameter): Name = "Value"; Value = "dnp"; VariantName = "[No Variations]"
Change component parameters: Designator = "R4" ("R4"); Footprint = "RESC1608X06N"; UniqueID = "\GORNCBTI" ("\GORNCBTI")
Change component parameters (AddParameter): Name = "MF"; Value = ""; VariantName = "[No Variations]"
Change component parameters (AddParameter): Name = "MPN"; Value = ""; VariantName = "[No Variations]"
Change component parameters (AddParameter): Name = "Package"; Value = "0603"; VariantName = "[No Variations]"
Change component parameters (AddParameter): Name = "Supplier 1"; Value = ""; VariantName = "[No Variations]"
Change component parameters (AddParameter): Name = "Supplier Part Number 1"; Value = ""; VariantName = "[No Variations]"
Change component parameters (AddParameter): Name = "Value"; Value = "dnp"; VariantName = "[No Variations]"
Change component parameters: Designator = "R10" ("R10"); Footprint = "RESC1608X06N"; UniqueID = "\JITVDIJW" ("\JITVDIJW")
Change component parameters (AddParameter): Name = "MF"; Value = ""; VariantName = "[No Variations]"
Change component parameters (AddParameter): Name = "MPN"; Value = ""; VariantName = "[No Variations]"
Change component parameters (AddParameter): Name = "Package"; Value = "0603"; VariantName = "[No Variations]"
Change component parameters (AddParameter): Name = "Supplier 1"; Value = ""; VariantName = "[No Variations]"
Change component parameters (AddParameter): Name = "Supplier Part Number 1"; Value = ""; VariantName = "[No Variations]"
Change component parameters (AddParameter): Name = "Value"; Value = "dnp"; VariantName = "[No Variations]"
Change component parameters: Designator = "R20" ("R20"); Footprint = "RESC1608X06N"; UniqueID = "\BUFYOSJF" ("\BUFYOSJF")
Change component parameters (AddParameter): Name = "MF"; Value = ""; VariantName = "[No Variations]"
Change component parameters (AddParameter): Name = "MPN"; Value = ""; VariantName = "[No Variations]"
Change component parameters (AddParameter): Name = "Package"; Value = "0603"; VariantName = "[No Variations]"
Change component parameters (AddParameter): Name = "Supplier 1"; Value = ""; VariantName = "[No Variations]"
Change component parameters (AddParameter): Name = "Supplier Part Number 1"; Value = ""; VariantName = "[No Variations]"
Change component parameters (AddParameter): Name = "Value"; Value = "dnp"; VariantName = "[No Variations]"
Added Pin To Net: NetName=conv_N Pin=J2-1
Added Pin To Net: NetName=GND Pin=J2-2
Added Pin To Net: NetName=-5V Pin=R20-1
Change Net Name : Old Net Name=Buffer_N New Net Name=ext_IN_N
Change Net Name : Old Net Name=Buffer_P New Net Name=ext_IN_P
Added Pin To Net: NetName=Buffer_P Pin=R18-1
Added Pin To Net: NetName=Buffer_P Pin=U3-1
Added Pin To Net: NetName=Buffer_P Pin=U3-2
Added Net: Name=Buffer_P
Added Pin To Net: NetName=NetR14_1 Pin=R14-1
Added Pin To Net: NetName=NetR14_1 Pin=U3-6
Added Pin To Net: NetName=NetR14_1 Pin=U3-7
Added Net: Name=NetR14_1
Added Differential Pair: Name=ext_IN
