Removed Member From Class: ClassName=Amplifier Member=C25
Removed Member From Class: ClassName=Amplifier Member=R11
Added Component: Designator=C12(CAPC1608X07N)
Add component (AddParameter): Name = "Dielectric"; Value = "X5R"; VariantName = "[No Variations]"
Add component (AddParameter): Name = "MF"; Value = "Murata Electronics"; VariantName = "[No Variations]"
Add component (AddParameter): Name = "MPN"; Value = "GRT188R61H105KE13D"; VariantName = "[No Variations]"
Add component (AddParameter): Name = "Package"; Value = "0603"; VariantName = "[No Variations]"
Add component (AddParameter): Name = "Supplier 1"; Value = "Mouser"; VariantName = "[No Variations]"
Add component (AddParameter): Name = "Supplier 2"; Value = "Digi-Key"; VariantName = "[No Variations]"
Add component (AddParameter): Name = "Supplier Part Number 1"; Value = "81-GRT188R61H105KE3D"; VariantName = "[No Variations]"
Add component (AddParameter): Name = "Supplier Part Number 2"; Value = "490-12330-1-ND"; VariantName = "[No Variations]"
Add component (AddParameter): Name = "Value"; Value = "1u"; VariantName = "[No Variations]"
Add component (AddParameter): Name = "Voltage"; Value = "50V"; VariantName = "[No Variations]"
Added Component: Designator=C24(CAPC1608X07N)
Add component (AddParameter): Name = "Dielectric"; Value = "X5R"; VariantName = "[No Variations]"
Add component (AddParameter): Name = "MF"; Value = "Murata Electronics"; VariantName = "[No Variations]"
Add component (AddParameter): Name = "MPN"; Value = "GRT188R61H105KE13D"; VariantName = "[No Variations]"
Add component (AddParameter): Name = "Package"; Value = "0603"; VariantName = "[No Variations]"
Add component (AddParameter): Name = "Supplier 1"; Value = "Mouser"; VariantName = "[No Variations]"
Add component (AddParameter): Name = "Supplier 2"; Value = "Digi-Key"; VariantName = "[No Variations]"
Add component (AddParameter): Name = "Supplier Part Number 1"; Value = "81-GRT188R61H105KE3D"; VariantName = "[No Variations]"
Add component (AddParameter): Name = "Supplier Part Number 2"; Value = "*490-12330-1-ND"; VariantName = "[No Variations]"
Add component (AddParameter): Name = "Value"; Value = "1u"; VariantName = "[No Variations]"
Add component (AddParameter): Name = "Voltage"; Value = "50V"; VariantName = "[No Variations]"
Added Component: Designator=R4(RESC1608X06N)
Add component (AddParameter): Name = "MF"; Value = "Vishay / Dale"; VariantName = "[No Variations]"
Add component (AddParameter): Name = "MPN"; Value = "CRCW06030000Z0EBC"; VariantName = "[No Variations]"
Add component (AddParameter): Name = "Package"; Value = "0603"; VariantName = "[No Variations]"
Add component (AddParameter): Name = "Supplier 1"; Value = "Mouser"; VariantName = "[No Variations]"
Add component (AddParameter): Name = "Supplier Part Number 1"; Value = "71-CRCW06030000Z0EBC"; VariantName = "[No Variations]"
Add component (AddParameter): Name = "Value"; Value = "0R"; VariantName = "[No Variations]"
Added Component: Designator=R10(RESC1608X06N)
Add component (AddParameter): Name = "MF"; Value = "Vishay / Dale"; VariantName = "[No Variations]"
Add component (AddParameter): Name = "MPN"; Value = "CRCW06030000Z0EBC"; VariantName = "[No Variations]"
Add component (AddParameter): Name = "Package"; Value = "0603"; VariantName = "[No Variations]"
Add component (AddParameter): Name = "Supplier 1"; Value = "Mouser"; VariantName = "[No Variations]"
Add component (AddParameter): Name = "Supplier Part Number 1"; Value = "71-CRCW06030000Z0EBC"; VariantName = "[No Variations]"
Add component (AddParameter): Name = "Value"; Value = "0R"; VariantName = "[No Variations]"
Added Component: Designator=R19(RESC1608X06N)
Add component (AddParameter): Name = "MF"; Value = "Vishay / Dale"; VariantName = "[No Variations]"
Add component (AddParameter): Name = "MPN"; Value = "CRCW06030000Z0EBC"; VariantName = "[No Variations]"
Add component (AddParameter): Name = "Package"; Value = "0603"; VariantName = "[No Variations]"
Add component (AddParameter): Name = "Supplier 1"; Value = "Mouser"; VariantName = "[No Variations]"
Add component (AddParameter): Name = "Supplier Part Number 1"; Value = "71-CRCW06030000Z0EBC"; VariantName = "[No Variations]"
Add component (AddParameter): Name = "Value"; Value = "0R"; VariantName = "[No Variations]"
Added Component: Designator=R20(RESC1608X06N)
Add component (AddParameter): Name = "MF"; Value = "Vishay / Dale"; VariantName = "[No Variations]"
Add component (AddParameter): Name = "MPN"; Value = "CRCW06030000Z0EBC"; VariantName = "[No Variations]"
Add component (AddParameter): Name = "Package"; Value = "0603"; VariantName = "[No Variations]"
Add component (AddParameter): Name = "Supplier 1"; Value = "Mouser"; VariantName = "[No Variations]"
Add component (AddParameter): Name = "Supplier Part Number 1"; Value = "71-CRCW06030000Z0EBC"; VariantName = "[No Variations]"
Add component (AddParameter): Name = "Value"; Value = "0R"; VariantName = "[No Variations]"
Added Pin To Net: NetName=NetC12_1 Pin=C12-1
Added Pin To Net: NetName=GND Pin=C12-2
Added Pin To Net: NetName=NetC24_1 Pin=C24-1
Added Pin To Net: NetName=-5V Pin=C24-2
Added Pin To Net: NetName=GND Pin=R4-1
Added Pin To Net: NetName=NetC12_1 Pin=R4-2
Added Pin To Net: NetName=-5V Pin=R10-1
Added Pin To Net: NetName=NetC24_1 Pin=R10-2
Added Pin To Net: NetName=GND Pin=R19-1
Added Pin To Net: NetName=NetR19_2 Pin=R19-2
Added Pin To Net: NetName=NetR20_1 Pin=R20-1
Added Pin To Net: NetName=NetR19_2 Pin=R20-2
Added Member To Class: ClassName=PowerSupply Member=Component C12 1u
Added Member To Class: ClassName=PowerSupply Member=Component C24 1u
Added Member To Class: ClassName=Amplifier Member=Component C33 100nF
Added Member To Class: ClassName=Amplifier Member=Component C34 100nF
Added Member To Class: ClassName=PCBdesign Member=Component J1 1714955
Added Member To Class: ClassName=PCBdesign Member=Component J3 TSW-102-07-S-S
Added Member To Class: ClassName=PowerSupply Member=Component R4 0R
Added Member To Class: ClassName=PowerSupply Member=Component R10 0R
Added Member To Class: ClassName=PowerSupply Member=Component R12 1k
Added Member To Class: ClassName=Amplifier Member=Component R13 1k
Added Member To Class: ClassName=Amplifier Member=Component R18 1k
Added Member To Class: ClassName=Amplifier Member=Component R19 0R
Added Member To Class: ClassName=Amplifier Member=Component R20 0R
Added Member To Class: ClassName=PowerSupply Member=Component TP1 24V_P
Added Member To Class: ClassName=PowerSupply Member=Component TP2 +5V
Added Member To Class: ClassName=PowerSupply Member=Component TP3 GND
Added Member To Class: ClassName=PowerSupply Member=Component TP4 SW_N
Added Member To Class: ClassName=PowerSupply Member=Component TP5 24V_N
Added Member To Class: ClassName=PowerSupply Member=Component TP6 FB_N
Added Member To Class: ClassName=PowerSupply Member=Component TP7 -5V
Added Member To Class: ClassName=Amplifier Member=Component TP8 AMP+
Added Member To Class: ClassName=Amplifier Member=Component TP9 AMP-
Added Member To Class: ClassName=Amplifier Member=Component TP10 PD
Added Member To Class: ClassName=Amplifier Member=Component TP11 GND
Added Member To Class: ClassName=Amplifier Member=Component TP12 -5V
