Change Physical Footprint: Designator=C1 Old Footprint=WCAP-ATG5_8x11.5x3.5 New Footprint=WCAP-ATG5_8x11.5x3.5
Change Physical Footprint: Designator=C2 Old Footprint=CAPC1608X07N New Footprint=CAPC1608X07N
Change Physical Footprint: Designator=C3 Old Footprint=CAPC1608X07N New Footprint=CAPC1608X07N
Change Physical Footprint: Designator=C4 Old Footprint=C_1206 New Footprint=C_1206
Change Physical Footprint: Designator=C5 Old Footprint=C_1206 New Footprint=C_1206
Change Physical Footprint: Designator=C6 Old Footprint=CAPC1608X07N New Footprint=CAPC1608X07N
Change Physical Footprint: Designator=C7 Old Footprint=C_1206 New Footprint=C_1206
Change Physical Footprint: Designator=C8 Old Footprint=WCAP-ATG5_8x11.5x3.5 New Footprint=WCAP-ATG5_8x11.5x3.5
Change Physical Footprint: Designator=C9 Old Footprint=CAPC1608X07N New Footprint=CAPC1608X07N
Change Physical Footprint: Designator=C10 Old Footprint=C_1206 New Footprint=C_1206
Change Physical Footprint: Designator=C11 Old Footprint=C_1206 New Footprint=C_1206
Change Physical Footprint: Designator=C12 Old Footprint=CAPC1608X07N New Footprint=CAPC1608X07N
Change Physical Footprint: Designator=C13 Old Footprint=CAPC1608X07N New Footprint=CAPC1608X07N
Change Physical Footprint: Designator=C14 Old Footprint=CAPC1608X07N New Footprint=CAPC1608X07N
Change Physical Footprint: Designator=C15 Old Footprint=CAPC1608X07N New Footprint=CAPC1608X07N
Change Physical Footprint: Designator=C16 Old Footprint=C_1206 New Footprint=C_1206
Change Physical Footprint: Designator=C17 Old Footprint=C_1206 New Footprint=C_1206
Change Physical Footprint: Designator=C18 Old Footprint=CAPC1608X07N New Footprint=CAPC1608X07N
Change Physical Footprint: Designator=C19 Old Footprint=C_1206 New Footprint=C_1206
Change Physical Footprint: Designator=C20 Old Footprint=WCAP-ATG5_8x11.5x3.5 New Footprint=WCAP-ATG5_8x11.5x3.5
Change Physical Footprint: Designator=C21 Old Footprint=CAPC1608X07N New Footprint=CAPC1608X07N
Change Physical Footprint: Designator=C22 Old Footprint=C_1206 New Footprint=C_1206
Change Physical Footprint: Designator=C23 Old Footprint=C_1206 New Footprint=C_1206
Change Physical Footprint: Designator=C24 Old Footprint=CAPC1608X07N New Footprint=CAPC1608X07N
Change Physical Footprint: Designator=C25 Old Footprint=CAPC1608X07N New Footprint=CAPC1608X07N
Change Physical Footprint: Designator=C26 Old Footprint=CAPC1608X07N New Footprint=CAPC1608X07N
Change Physical Footprint: Designator=C27 Old Footprint=CAPC1608X07N New Footprint=CAPC1608X07N
Change Physical Footprint: Designator=C28 Old Footprint=CAPC1608X07N New Footprint=CAPC1608X07N
Change Physical Footprint: Designator=C29 Old Footprint=CAPC1608X07N New Footprint=CAPC1608X07N
Change Physical Footprint: Designator=C30 Old Footprint=CAPC1608X07N New Footprint=CAPC1608X07N
Change Physical Footprint: Designator=C31 Old Footprint=CAPC1608X07N New Footprint=CAPC1608X07N
Change Physical Footprint: Designator=C32 Old Footprint=CAPC1608X07N New Footprint=CAPC1608X07N
Change Physical Footprint: Designator=C33 Old Footprint=CAPC1608X07N New Footprint=CAPC1608X07N
Change Physical Footprint: Designator=C34 Old Footprint=CAPC1608X07N New Footprint=CAPC1608X07N
Change Physical Footprint: Designator=D1 Old Footprint=DIOM4227X23N New Footprint=DIOM4227X23N
Change Physical Footprint: Designator=D2 Old Footprint=DIOM4227X23N New Footprint=DIOM4227X23N
Change Physical Footprint: Designator=J1 Old Footprint=PHOE-1714955_V New Footprint=PHOE-1714955_V
Change Physical Footprint: Designator=J2 Old Footprint=PHOE-1714955_V New Footprint=PHOE-1714955_V
Change Physical Footprint: Designator=J3 Old Footprint=SMTC-TSW-102-07-S-S New Footprint=SMTC-TSW-102-07-S-S
Change Physical Footprint: Designator=J6 Old Footprint=TECO-5-1634503-1_V New Footprint=TECO-5-1634503-1_V
Change Physical Footprint: Designator=J7 Old Footprint=TECO-5-1634503-1_V New Footprint=TECO-5-1634503-1_V
Change Physical Footprint: Designator=L1 Old Footprint=WE-CBF_0805_High Current New Footprint=WE-CBF_0805_High Current
Change Physical Footprint: Designator=L2 Old Footprint=SMT_inductor_1050_Performance New Footprint=SMT_inductor_1050_Performance
Change Physical Footprint: Designator=L3 Old Footprint=WE-CBF_0805_High Current New Footprint=WE-CBF_0805_High Current
Change Physical Footprint: Designator=L4 Old Footprint=SMT_inductor_1050_Performance New Footprint=SMT_inductor_1050_Performance
Change Physical Footprint: Designator=MH1 Old Footprint=MH_3.4 New Footprint=MH_3.4
Change Physical Footprint: Designator=MH2 Old Footprint=MH_3.4 New Footprint=MH_3.4
Change Physical Footprint: Designator=MH3 Old Footprint=MH_3.4 New Footprint=MH_3.4
Change Physical Footprint: Designator=MH4 Old Footprint=MH_3.4 New Footprint=MH_3.4
Change Physical Footprint: Designator=ProjectName1 Old Footprint=ID_ProjectRev New Footprint=ID_ProjectRev
Change Physical Footprint: Designator=R1 Old Footprint=RESC1608X06N New Footprint=RESC1608X06N
Change Physical Footprint: Designator=R2 Old Footprint=RESC1608X06N New Footprint=RESC1608X06N
Change Physical Footprint: Designator=R3 Old Footprint=RESC1608X06N New Footprint=RESC1608X06N
Change Physical Footprint: Designator=R4 Old Footprint=RESC1608X06N New Footprint=RESC1608X06N
Change Physical Footprint: Designator=R5 Old Footprint=RESC1608X06N New Footprint=RESC1608X06N
Change Physical Footprint: Designator=R6 Old Footprint=RESC1608X06N New Footprint=RESC1608X06N
Change Physical Footprint: Designator=R7 Old Footprint=RESC1608X06N New Footprint=RESC1608X06N
Change Physical Footprint: Designator=R8 Old Footprint=RESC1608X06N New Footprint=RESC1608X06N
Change Physical Footprint: Designator=R9 Old Footprint=RESC1608X06N New Footprint=RESC1608X06N
Change Physical Footprint: Designator=R10 Old Footprint=RESC1608X06N New Footprint=RESC1608X06N
Change Physical Footprint: Designator=R11 Old Footprint=RESC1608X06N New Footprint=RESC1608X06N
Change Physical Footprint: Designator=R12 Old Footprint=RESC1608X06N New Footprint=RESC1608X06N
Change Physical Footprint: Designator=R13 Old Footprint=RESC1608X06N New Footprint=RESC1608X06N
Change Physical Footprint: Designator=R14 Old Footprint=RESC1608X06N New Footprint=RESC1608X06N
Change Physical Footprint: Designator=R15 Old Footprint=RESC1608X06N New Footprint=RESC1608X06N
Change Physical Footprint: Designator=R17 Old Footprint=RESC1608X06N New Footprint=RESC1608X06N
Change Physical Footprint: Designator=R18 Old Footprint=RESC1608X06N New Footprint=RESC1608X06N
Change Physical Footprint: Designator=R19 Old Footprint=RESC1608X06N New Footprint=RESC1608X06N
Change Physical Footprint: Designator=R20 Old Footprint=RESC1608X06N New Footprint=RESC1608X06N
Change Physical Footprint: Designator=R21 Old Footprint=RESC1608X06N New Footprint=RESC1608X06N
Change Physical Footprint: Designator=TP1 Old Footprint=TP_5006 New Footprint=TP_5006
Change Physical Footprint: Designator=TP2 Old Footprint=TP_5006 New Footprint=TP_5006
Change Physical Footprint: Designator=TP3 Old Footprint=TP_5006 New Footprint=TP_5006
Change Physical Footprint: Designator=TP4 Old Footprint=TP_5006 New Footprint=TP_5006
Change Physical Footprint: Designator=TP5 Old Footprint=TP_5006 New Footprint=TP_5006
Change Physical Footprint: Designator=TP6 Old Footprint=TP_5006 New Footprint=TP_5006
Change Physical Footprint: Designator=TP7 Old Footprint=TP_5006 New Footprint=TP_5006
Change Physical Footprint: Designator=TP8 Old Footprint=TP_5006 New Footprint=TP_5006
Change Physical Footprint: Designator=TP9 Old Footprint=TP_5006 New Footprint=TP_5006
Change Physical Footprint: Designator=TP10 Old Footprint=TP_5006 New Footprint=TP_5006
Change Physical Footprint: Designator=TP11 Old Footprint=TP_5006 New Footprint=TP_5006
Change Physical Footprint: Designator=U1 Old Footprint=TSOP65P490X110-8N New Footprint=TSOP65P490X110-8N
Change Physical Footprint: Designator=U2 Old Footprint=TSOP65P490X110-8N New Footprint=TSOP65P490X110-8N
Change Physical Footprint: Designator=U3 Old Footprint=MSOP8_3x3-8N New Footprint=MSOP8_3x3-8N
Change Physical Footprint: Designator=U4 Old Footprint=DGK0008A_N New Footprint=DGK0008A_N
