Change Component Comment : Designator=TP13 Old Comment=Testpoint 1mm New Comment=GND
Change Component Comment : Designator=TP11 Old Comment=Testpoint 1mm New Comment=PD
Change component parameters: Designator = "TP11" ("TP11"); Footprint = "TP_1mm"; UniqueID = "\DCZLNKKS" ("\DCZLNKKS")
Change component parameters (AddParameter): Name = "Created"; Value = ""; VariantName = "[No Variations]"
Change component parameters (AddParameter): Name = "Value"; Value = "PD"; VariantName = "[No Variations]"
Change component parameters: Designator = "TP13" ("TP13"); Footprint = "TP_1mm"; UniqueID = "\PVRFIQRS" ("\PVRFIQRS")
Change component parameters (AddParameter): Name = "Created"; Value = ""; VariantName = "[No Variations]"
Change component parameters (AddParameter): Name = "Value"; Value = "GND"; VariantName = "[No Variations]"
Added Member To Class: ClassName=Amplifier Member=Component C25 680pF
Added Member To Class: ClassName=Amplifier Member=Component C26 470pF
Added Member To Class: ClassName=Amplifier Member=Component C27 680pF
Added Member To Class: ClassName=Amplifier Member=Component C28 56pF
Added Member To Class: ClassName=Amplifier Member=Component C29 100nF
Added Member To Class: ClassName=Amplifier Member=Component C32 100nF
Added Member To Class: ClassName=PCBdesign Member=Component J3 1725656
Added Member To Class: ClassName=Amplifier Member=Component R12 0R
Added Member To Class: ClassName=Amplifier Member=Component R13 0R
Added Member To Class: ClassName=Amplifier Member=Component R15 24R9
Added Member To Class: ClassName=Amplifier Member=Component R16 200R
Added Member To Class: ClassName=Amplifier Member=Component R17 24R9
Added Member To Class: ClassName=Amplifier Member=Component TP8 AMP+
Added Member To Class: ClassName=Amplifier Member=Component TP9 ADC+
