Change Component Comment : Designator=C12 Old Comment=1u New Comment=1µF
Change Component Comment : Designator=C13 Old Comment=1u New Comment=1µF
Change Component Comment : Designator=C24 Old Comment=1u New Comment=1µF
Change Component Comment : Designator=C25 Old Comment=1u New Comment=1µF
Change Component Comment : Designator=L2 Old Comment=150uH New Comment=150µH
Change Component Comment : Designator=L4 Old Comment=150uH New Comment=150µH
Change Component Comment : Designator=C1 Old Comment=220 uF New Comment=220µF
Change Component Comment : Designator=C8 Old Comment=220 uF New Comment=220µF
Change Component Comment : Designator=C20 Old Comment=220 uF New Comment=220µF
Change component parameters: Designator = "C1" ("C1"); Footprint = "WCAP-ATG5_8x11.5x3.5"; UniqueID = "\EWLNVVWX" ("\EWLNVVWX")
Change component parameters (AddParameter): Name = "ComponentLink1Description"; Value = "Manufacturer"; VariantName = "[No Variations]"
Change component parameters (AddParameter): Name = "ComponentLink1URL"; Value = "http://www.we-online.de"; VariantName = "[No Variations]"
Change component parameters (AddParameter): Name = "ComponentLink2Description"; Value = "Datasheet"; VariantName = "[No Variations]"
Change component parameters (AddParameter): Name = "ComponentLink2URL"; Value = "http://katalog.we-online.com/pbs/datasheet/860020574012.pdf"; VariantName = "[No Variations]"
Change component parameters (AddParameter): Name = "Life Cycle"; Value = "2000h"; VariantName = "[No Variations]"
Change component parameters (AddParameter): Name = "MF"; Value = "Würth Elektronik"; VariantName = "[No Variations]"
Change component parameters (AddParameter): Name = "MPN"; Value = "860020574012"; VariantName = "[No Variations]"
Change component parameters (AddParameter): Name = "Operating Temperature"; Value = "-40 °C up to +105 °C"; VariantName = "[No Variations]"
Change component parameters (AddParameter): Name = "Part Number"; Value = "860020574012"; VariantName = "[No Variations]"
Change component parameters (AddParameter): Name = "Published Date"; Value = ""; VariantName = "[No Variations]"
Change component parameters (AddParameter): Name = "Size"; Value = "8x11.5mm"; VariantName = "[No Variations]"
Change component parameters (AddParameter): Name = "Supplier 1"; Value = "Mouser"; VariantName = "[No Variations]"
Change component parameters (AddParameter): Name = "Supplier Part Number 1"; Value = "710-860020574012"; VariantName = "[No Variations]"
Change component parameters (AddParameter): Name = "Value"; Value = "220 µF"; VariantName = "[No Variations]"
Change component parameters (AddParameter): Name = "Voltage"; Value = "35 Vdc"; VariantName = "[No Variations]"
Change component parameters: Designator = "C8" ("C8"); Footprint = "WCAP-ATG5_8x11.5x3.5"; UniqueID = "\JQBQAYVE" ("\JQBQAYVE")
Change component parameters (AddParameter): Name = "ComponentLink1Description"; Value = "Manufacturer"; VariantName = "[No Variations]"
Change component parameters (AddParameter): Name = "ComponentLink1URL"; Value = "http://www.we-online.de"; VariantName = "[No Variations]"
Change component parameters (AddParameter): Name = "ComponentLink2Description"; Value = "Datasheet"; VariantName = "[No Variations]"
Change component parameters (AddParameter): Name = "ComponentLink2URL"; Value = "http://katalog.we-online.com/pbs/datasheet/860020574012.pdf"; VariantName = "[No Variations]"
Change component parameters (AddParameter): Name = "Life Cycle"; Value = "2000h"; VariantName = "[No Variations]"
Change component parameters (AddParameter): Name = "MF"; Value = "Würth Elektronik"; VariantName = "[No Variations]"
Change component parameters (AddParameter): Name = "MPN"; Value = "860020574012"; VariantName = "[No Variations]"
Change component parameters (AddParameter): Name = "Operating Temperature"; Value = "-40 °C up to +105 °C"; VariantName = "[No Variations]"
Change component parameters (AddParameter): Name = "Part Number"; Value = "860020574012"; VariantName = "[No Variations]"
Change component parameters (AddParameter): Name = "Published Date"; Value = ""; VariantName = "[No Variations]"
Change component parameters (AddParameter): Name = "Size"; Value = "8x11.5mm"; VariantName = "[No Variations]"
Change component parameters (AddParameter): Name = "Supplier 1"; Value = "Mouser"; VariantName = "[No Variations]"
Change component parameters (AddParameter): Name = "Supplier Part Number 1"; Value = "710-860020574012"; VariantName = "[No Variations]"
Change component parameters (AddParameter): Name = "Value"; Value = "220 µF"; VariantName = "[No Variations]"
Change component parameters (AddParameter): Name = "Voltage"; Value = "35Vdc"; VariantName = "[No Variations]"
Change component parameters: Designator = "C12" ("C12"); Footprint = "CAPC1608X07N"; UniqueID = "\XFJGNCUG" ("\XFJGNCUG")
Change component parameters (AddParameter): Name = "Dielectric"; Value = "X5R"; VariantName = "[No Variations]"
Change component parameters (AddParameter): Name = "MF"; Value = "Murata Electronics"; VariantName = "[No Variations]"
Change component parameters (AddParameter): Name = "MPN"; Value = "GRT188R61H105KE13D"; VariantName = "[No Variations]"
Change component parameters (AddParameter): Name = "Package"; Value = "0603"; VariantName = "[No Variations]"
Change component parameters (AddParameter): Name = "Supplier 1"; Value = "Mouser"; VariantName = "[No Variations]"
Change component parameters (AddParameter): Name = "Supplier 2"; Value = "Digi-Key"; VariantName = "[No Variations]"
Change component parameters (AddParameter): Name = "Supplier Part Number 1"; Value = "81-GRT188R61H105KE3D"; VariantName = "[No Variations]"
Change component parameters (AddParameter): Name = "Supplier Part Number 2"; Value = "490-12330-1-ND"; VariantName = "[No Variations]"
Change component parameters (AddParameter): Name = "Value"; Value = "1µF"; VariantName = "[No Variations]"
Change component parameters (AddParameter): Name = "Voltage"; Value = "50V"; VariantName = "[No Variations]"
Change component parameters: Designator = "C13" ("C13"); Footprint = "CAPC1608X07N"; UniqueID = "\EPMRBTSK" ("\EPMRBTSK")
Change component parameters (AddParameter): Name = "Dielectric"; Value = "X5R"; VariantName = "[No Variations]"
Change component parameters (AddParameter): Name = "MF"; Value = "Würth"; VariantName = "[No Variations]"
Change component parameters (AddParameter): Name = "MPN"; Value = "885012106022"; VariantName = "[No Variations]"
Change component parameters (AddParameter): Name = "Package"; Value = "0603"; VariantName = "[No Variations]"
Change component parameters (AddParameter): Name = "Supplier 1"; Value = "Mouser"; VariantName = "[No Variations]"
Change component parameters (AddParameter): Name = "Supplier 2"; Value = "Digi-Key"; VariantName = "[No Variations]"
Change component parameters (AddParameter): Name = "Supplier Part Number 1"; Value = "710-885012106022"; VariantName = "[No Variations]"
Change component parameters (AddParameter): Name = "Supplier Part Number 2"; Value = "732-7919-1-ND"; VariantName = "[No Variations]"
Change component parameters (AddParameter): Name = "Value"; Value = "1µF"; VariantName = "[No Variations]"
Change component parameters (AddParameter): Name = "Voltage"; Value = "25V"; VariantName = "[No Variations]"
Change component parameters: Designator = "C20" ("C20"); Footprint = "WCAP-ATG5_8x11.5x3.5"; UniqueID = "\YXQFHYXI" ("\YXQFHYXI")
Change component parameters (AddParameter): Name = "ComponentLink1Description"; Value = "Manufacturer"; VariantName = "[No Variations]"
Change component parameters (AddParameter): Name = "ComponentLink1URL"; Value = "http://www.we-online.de"; VariantName = "[No Variations]"
Change component parameters (AddParameter): Name = "ComponentLink2Description"; Value = "Datasheet"; VariantName = "[No Variations]"
Change component parameters (AddParameter): Name = "ComponentLink2URL"; Value = "http://katalog.we-online.com/pbs/datasheet/860020574012.pdf"; VariantName = "[No Variations]"
Change component parameters (AddParameter): Name = "Life Cycle"; Value = "2000h"; VariantName = "[No Variations]"
Change component parameters (AddParameter): Name = "MF"; Value = "Würth Elektronik"; VariantName = "[No Variations]"
Change component parameters (AddParameter): Name = "MPN"; Value = "860020574012"; VariantName = "[No Variations]"
Change component parameters (AddParameter): Name = "Operating Temperature"; Value = "-40 °C up to +105 °C"; VariantName = "[No Variations]"
Change component parameters (AddParameter): Name = "Part Number"; Value = "860020574012"; VariantName = "[No Variations]"
Change component parameters (AddParameter): Name = "Published Date"; Value = ""; VariantName = "[No Variations]"
Change component parameters (AddParameter): Name = "Size"; Value = "8x11.5mm"; VariantName = "[No Variations]"
Change component parameters (AddParameter): Name = "Supplier 1"; Value = "Mouser"; VariantName = "[No Variations]"
Change component parameters (AddParameter): Name = "Supplier Part Number 1"; Value = "710-860020574012"; VariantName = "[No Variations]"
Change component parameters (AddParameter): Name = "Value"; Value = "220 µF"; VariantName = "[No Variations]"
Change component parameters (AddParameter): Name = "Voltage"; Value = "35 Vdc"; VariantName = "[No Variations]"
Change component parameters: Designator = "C24" ("C24"); Footprint = "CAPC1608X07N"; UniqueID = "\KLAUGQTG" ("\KLAUGQTG")
Change component parameters (AddParameter): Name = "Dielectric"; Value = "X5R"; VariantName = "[No Variations]"
Change component parameters (AddParameter): Name = "MF"; Value = "Murata Electronics"; VariantName = "[No Variations]"
Change component parameters (AddParameter): Name = "MPN"; Value = "GRT188R61H105KE13D"; VariantName = "[No Variations]"
Change component parameters (AddParameter): Name = "Package"; Value = "0603"; VariantName = "[No Variations]"
Change component parameters (AddParameter): Name = "Supplier 1"; Value = "Mouser"; VariantName = "[No Variations]"
Change component parameters (AddParameter): Name = "Supplier 2"; Value = "Digi-Key"; VariantName = "[No Variations]"
Change component parameters (AddParameter): Name = "Supplier Part Number 1"; Value = "81-GRT188R61H105KE3D"; VariantName = "[No Variations]"
Change component parameters (AddParameter): Name = "Supplier Part Number 2"; Value = "*490-12330-1-ND"; VariantName = "[No Variations]"
Change component parameters (AddParameter): Name = "Value"; Value = "1µF"; VariantName = "[No Variations]"
Change component parameters (AddParameter): Name = "Voltage"; Value = "50V"; VariantName = "[No Variations]"
Change component parameters: Designator = "C25" ("C25"); Footprint = "CAPC1608X07N"; UniqueID = "\OFLVDMVM" ("\OFLVDMVM")
Change component parameters (AddParameter): Name = "Dielectric"; Value = "X5R"; VariantName = "[No Variations]"
Change component parameters (AddParameter): Name = "MF"; Value = "Murata Electronics"; VariantName = "[No Variations]"
Change component parameters (AddParameter): Name = "MPN"; Value = "GRT188R61H105KE13D"; VariantName = "[No Variations]"
Change component parameters (AddParameter): Name = "Package"; Value = "0603"; VariantName = "[No Variations]"
Change component parameters (AddParameter): Name = "Supplier 1"; Value = "Mouser"; VariantName = "[No Variations]"
Change component parameters (AddParameter): Name = "Supplier 2"; Value = "Digi-Key"; VariantName = "[No Variations]"
Change component parameters (AddParameter): Name = "Supplier Part Number 1"; Value = "81-GRT188R61H105KE3D"; VariantName = "[No Variations]"
Change component parameters (AddParameter): Name = "Supplier Part Number 2"; Value = "490-12330-1-ND"; VariantName = "[No Variations]"
Change component parameters (AddParameter): Name = "Value"; Value = "1µF"; VariantName = "[No Variations]"
Change component parameters (AddParameter): Name = "Voltage"; Value = "50V"; VariantName = "[No Variations]"
Change component parameters: Designator = "L2" ("L2"); Footprint = "SMT_inductor_1050_Performance"; UniqueID = "\SPULVAUX" ("\SPULVAUX")
Change component parameters (AddParameter): Name = "DCR"; Value = "320m"; VariantName = "[No Variations]"
Change component parameters (AddParameter): Name = "MF"; Value = "EPCOS / TDK"; VariantName = "[No Variations]"
Change component parameters (AddParameter): Name = "MPN"; Value = "B82464G4154M"; VariantName = "[No Variations]"
Change component parameters (AddParameter): Name = "Rated Current"; Value = "0.85 A"; VariantName = "[No Variations]"
Change component parameters (AddParameter): Name = "Supplier 1"; Value = "Mouser"; VariantName = "[No Variations]"
Change component parameters (AddParameter): Name = "Supplier Part Number 1"; Value = "871-B82464G4154M"; VariantName = "[No Variations]"
Change component parameters (AddParameter): Name = "Tolerance"; Value = "20%"; VariantName = "[No Variations]"
Change component parameters (AddParameter): Name = "Value"; Value = "150µH"; VariantName = "[No Variations]"
Change component parameters: Designator = "L4" ("L4"); Footprint = "SMT_inductor_1050_Performance"; UniqueID = "\IKGRFUEO" ("\IKGRFUEO")
Change component parameters (AddParameter): Name = "DCR"; Value = "320m"; VariantName = "[No Variations]"
Change component parameters (AddParameter): Name = "MF"; Value = "EPCOS / TDK"; VariantName = "[No Variations]"
Change component parameters (AddParameter): Name = "MPN"; Value = "B82464G4154M"; VariantName = "[No Variations]"
Change component parameters (AddParameter): Name = "Rated Current"; Value = "0.85 A"; VariantName = "[No Variations]"
Change component parameters (AddParameter): Name = "Supplier 1"; Value = "Mouser"; VariantName = "[No Variations]"
Change component parameters (AddParameter): Name = "Supplier Part Number 1"; Value = "871-B82464G4154M"; VariantName = "[No Variations]"
Change component parameters (AddParameter): Name = "Tolerance"; Value = "20%"; VariantName = "[No Variations]"
Change component parameters (AddParameter): Name = "Value"; Value = "150µH"; VariantName = "[No Variations]"
