Added Component: Designator=TP24A(TP_1mm)
Add component. Clean all parameters for all variants
Add component (AddParameter): Name = "Created"; Value = "2018_06_25_AGeiger"; VariantName = "[No Variations]"
Add component (AddParameter): Name = "Value"; Value = "Testpoint 1mm"; VariantName = "[No Variations]"
Added Component: Designator=TP24B(TP_1mm)
Add component. Clean all parameters for all variants
Add component (AddParameter): Name = "Created"; Value = "2018_06_25_AGeiger"; VariantName = "[No Variations]"
Add component (AddParameter): Name = "Value"; Value = "Testpoint 1mm"; VariantName = "[No Variations]"
Added Component: Designator=TP25A(TP_1mm)
Add component. Clean all parameters for all variants
Add component (AddParameter): Name = "Created"; Value = "2018_06_25_AGeiger"; VariantName = "[No Variations]"
Add component (AddParameter): Name = "Value"; Value = "Testpoint 1mm"; VariantName = "[No Variations]"
Added Component: Designator=TP25B(TP_1mm)
Add component. Clean all parameters for all variants
Add component (AddParameter): Name = "Created"; Value = "2018_06_25_AGeiger"; VariantName = "[No Variations]"
Add component (AddParameter): Name = "Value"; Value = "Testpoint 1mm"; VariantName = "[No Variations]"
Added Component: Designator=TP26A(TP_1mm)
Add component. Clean all parameters for all variants
Add component (AddParameter): Name = "Created"; Value = "2018_06_25_AGeiger"; VariantName = "[No Variations]"
Add component (AddParameter): Name = "Value"; Value = "Testpoint 1mm"; VariantName = "[No Variations]"
Added Component: Designator=TP26B(TP_1mm)
Add component. Clean all parameters for all variants
Add component (AddParameter): Name = "Created"; Value = "2018_06_25_AGeiger"; VariantName = "[No Variations]"
Add component (AddParameter): Name = "Value"; Value = "Testpoint 1mm"; VariantName = "[No Variations]"
Added Component: Designator=TP27A(TP_1mm)
Add component. Clean all parameters for all variants
Add component (AddParameter): Name = "Created"; Value = "2018_06_25_AGeiger"; VariantName = "[No Variations]"
Add component (AddParameter): Name = "Value"; Value = "Testpoint 1mm"; VariantName = "[No Variations]"
Added Component: Designator=TP27B(TP_1mm)
Add component. Clean all parameters for all variants
Add component (AddParameter): Name = "Created"; Value = "2018_06_25_AGeiger"; VariantName = "[No Variations]"
Add component (AddParameter): Name = "Value"; Value = "Testpoint 1mm"; VariantName = "[No Variations]"
Added Component: Designator=TP28A(TP_1mm)
Add component. Clean all parameters for all variants
Add component (AddParameter): Name = "Created"; Value = "2018_06_25_AGeiger"; VariantName = "[No Variations]"
Add component (AddParameter): Name = "Value"; Value = "Testpoint 1mm"; VariantName = "[No Variations]"
Added Component: Designator=TP28B(TP_1mm)
Add component. Clean all parameters for all variants
Add component (AddParameter): Name = "Created"; Value = "2018_06_25_AGeiger"; VariantName = "[No Variations]"
Add component (AddParameter): Name = "Value"; Value = "Testpoint 1mm"; VariantName = "[No Variations]"
Added Component: Designator=TP29A(TP_1mm)
Add component. Clean all parameters for all variants
Add component (AddParameter): Name = "Created"; Value = "2018_06_25_AGeiger"; VariantName = "[No Variations]"
Add component (AddParameter): Name = "Value"; Value = "Testpoint 1mm"; VariantName = "[No Variations]"
Added Component: Designator=TP29B(TP_1mm)
Add component. Clean all parameters for all variants
Add component (AddParameter): Name = "Created"; Value = "2018_06_25_AGeiger"; VariantName = "[No Variations]"
Add component (AddParameter): Name = "Value"; Value = "Testpoint 1mm"; VariantName = "[No Variations]"
Added Component: Designator=TP30A(TP_1mm)
Add component. Clean all parameters for all variants
Add component (AddParameter): Name = "Created"; Value = "2018_06_25_AGeiger"; VariantName = "[No Variations]"
Add component (AddParameter): Name = "Value"; Value = "Testpoint 1mm"; VariantName = "[No Variations]"
Added Component: Designator=TP30B(TP_1mm)
Add component. Clean all parameters for all variants
Add component (AddParameter): Name = "Created"; Value = "2018_06_25_AGeiger"; VariantName = "[No Variations]"
Add component (AddParameter): Name = "Value"; Value = "Testpoint 1mm"; VariantName = "[No Variations]"
Added Component: Designator=TP31A(TP_1mm)
Add component. Clean all parameters for all variants
Add component (AddParameter): Name = "Created"; Value = "2018_06_25_AGeiger"; VariantName = "[No Variations]"
Add component (AddParameter): Name = "Value"; Value = "Testpoint 1mm"; VariantName = "[No Variations]"
Added Component: Designator=TP31B(TP_1mm)
Add component. Clean all parameters for all variants
Add component (AddParameter): Name = "Created"; Value = "2018_06_25_AGeiger"; VariantName = "[No Variations]"
Add component (AddParameter): Name = "Value"; Value = "Testpoint 1mm"; VariantName = "[No Variations]"
Added Pin To Net: NetName=Buffer1A_P Pin=TP24A-1
Added Pin To Net: NetName=Buffer1B_P Pin=TP24B-1
Added Pin To Net: NetName=Buffer1A_N Pin=TP25A-1
Added Pin To Net: NetName=Buffer1B_N Pin=TP25B-1
Added Pin To Net: NetName=Buffer2A_P Pin=TP26A-1
Added Pin To Net: NetName=Buffer2B_P Pin=TP26B-1
Added Pin To Net: NetName=Buffer2A_N Pin=TP27A-1
Added Pin To Net: NetName=Buffer2B_N Pin=TP27B-1
Added Pin To Net: NetName=Buffer3A_P Pin=TP28A-1
Added Pin To Net: NetName=Buffer3B_P Pin=TP28B-1
Added Pin To Net: NetName=Buffer3A_N Pin=TP29A-1
Added Pin To Net: NetName=Buffer3B_N Pin=TP29B-1
Added Pin To Net: NetName=Buffer4A_P Pin=TP30A-1
Added Pin To Net: NetName=Buffer4B_P Pin=TP30B-1
Added Pin To Net: NetName=Buffer4A_N Pin=TP31A-1
Added Pin To Net: NetName=Buffer4B_N Pin=TP31B-1
Added Member To Class: ClassName=OpAmp1 Member=Component TP24A (TP24) Testpoint 1mm
Added Member To Class: ClassName=OpAmp2 Member=Component TP24B (TP24) Testpoint 1mm
Added Member To Class: ClassName=OpAmp1 Member=Component TP25A (TP25) Testpoint 1mm
Added Member To Class: ClassName=OpAmp2 Member=Component TP25B (TP25) Testpoint 1mm
Added Member To Class: ClassName=OpAmp1 Member=Component TP26A (TP26) Testpoint 1mm
Added Member To Class: ClassName=OpAmp2 Member=Component TP26B (TP26) Testpoint 1mm
Added Member To Class: ClassName=OpAmp1 Member=Component TP27A (TP27) Testpoint 1mm
Added Member To Class: ClassName=OpAmp2 Member=Component TP27B (TP27) Testpoint 1mm
Added Member To Class: ClassName=OpAmp1 Member=Component TP28A (TP28) Testpoint 1mm
Added Member To Class: ClassName=OpAmp2 Member=Component TP28B (TP28) Testpoint 1mm
Added Member To Class: ClassName=OpAmp1 Member=Component TP29A (TP29) Testpoint 1mm
Added Member To Class: ClassName=OpAmp2 Member=Component TP29B (TP29) Testpoint 1mm
Added Member To Class: ClassName=OpAmp1 Member=Component TP30A (TP30) Testpoint 1mm
Added Member To Class: ClassName=OpAmp2 Member=Component TP30B (TP30) Testpoint 1mm
Added Member To Class: ClassName=OpAmp1 Member=Component TP31A (TP31) Testpoint 1mm
Added Member To Class: ClassName=OpAmp2 Member=Component TP31B (TP31) Testpoint 1mm
