Removed Pin From Net: NetName=Buffer1A_P Pin=TP24A-1
Removed Pin From Net: NetName=Buffer1B_P Pin=TP24B-1
Removed Pin From Net: NetName=Buffer1A_N Pin=TP25A-1
Removed Pin From Net: NetName=Buffer1B_N Pin=TP25B-1
Removed Pin From Net: NetName=Buffer2A_P Pin=TP26A-1
Removed Pin From Net: NetName=Buffer2B_P Pin=TP26B-1
Removed Pin From Net: NetName=Buffer2A_N Pin=TP27A-1
Removed Pin From Net: NetName=Buffer2B_N Pin=TP27B-1
Removed Pin From Net: NetName=Buffer3A_P Pin=TP28A-1
Removed Pin From Net: NetName=Buffer3B_P Pin=TP28B-1
Removed Pin From Net: NetName=Buffer3A_N Pin=TP29A-1
Removed Pin From Net: NetName=Buffer3B_N Pin=TP29B-1
Removed Pin From Net: NetName=Buffer4A_P Pin=TP30A-1
Removed Pin From Net: NetName=Buffer4B_P Pin=TP30B-1
Removed Pin From Net: NetName=Buffer4A_N Pin=TP31A-1
Removed Pin From Net: NetName=Buffer4B_N Pin=TP31B-1
Removed Member From Class: ClassName=OpAmp1 Member=TP24A
Removed Member From Class: ClassName=OpAmp2 Member=TP24B
Removed Member From Class: ClassName=OpAmp1 Member=TP25A
Removed Member From Class: ClassName=OpAmp2 Member=TP25B
Removed Member From Class: ClassName=OpAmp1 Member=TP26A
Removed Member From Class: ClassName=OpAmp2 Member=TP26B
Removed Member From Class: ClassName=OpAmp1 Member=TP27A
Removed Member From Class: ClassName=OpAmp2 Member=TP27B
Removed Member From Class: ClassName=OpAmp1 Member=TP28A
Removed Member From Class: ClassName=OpAmp2 Member=TP28B
Removed Member From Class: ClassName=OpAmp1 Member=TP29A
Removed Member From Class: ClassName=OpAmp2 Member=TP29B
Removed Member From Class: ClassName=OpAmp1 Member=TP30A
Removed Member From Class: ClassName=OpAmp2 Member=TP30B
Removed Member From Class: ClassName=OpAmp1 Member=TP31A
Removed Member From Class: ClassName=OpAmp2 Member=TP31B
Change Component Comment : Designator=R48 Old Comment=40.2R New Comment=4.99R
Change Component Comment : Designator=R53 Old Comment=40.2R New Comment=4.99R
Change Component Comment : Designator=R57 Old Comment=40.2R New Comment=4.99R
Change Component Comment : Designator=R60 Old Comment=40.2R New Comment=4.99R
Change Component Comment : Designator=R61 Old Comment=40.2R New Comment=4.99R
Change Component Comment : Designator=R62 Old Comment=40.2R New Comment=4.99R
Change Component Comment : Designator=R63 Old Comment=40.2R New Comment=4.99R
Change Component Comment : Designator=R64 Old Comment=40.2R New Comment=4.99R
Change Component Comment : Designator=R28 Old Comment=500R New Comment=499R
Change component parameters: Designator = "L1"; Footprint = "WE-CBF_0805_High Current"; UniqueID = "\KUYADNDL\FDQQVFKW"
Change component parameters. Clean all parameters for all variants
Change component parameters (AddParameter): Name = "ComponentLink1Description"; Value = "Manufacturer"; VariantName = "[No Variations]"
Change component parameters (AddParameter): Name = "ComponentLink1URL"; Value = "http://www.we-online.de"; VariantName = "[No Variations]"
Change component parameters (AddParameter): Name = "ComponentLink2Description"; Value = "Datasheet"; VariantName = "[No Variations]"
Change component parameters (AddParameter): Name = "ComponentLink2URL"; Value = "http://katalog.we-online.de/pbs/datasheet/742792040.pdf"; VariantName = "[No Variations]"
Change component parameters (AddParameter): Name = "MF"; Value = "Wurth Elektronik"; VariantName = "[No Variations]"
Change component parameters (AddParameter): Name = "MPN"; Value = "742792040"; VariantName = "[No Variations]"
Change component parameters (AddParameter): Name = "PublishedDate"; Value = "Aug 2016"; VariantName = "[No Variations]"
Change component parameters (AddParameter): Name = "Size"; Value = "0805"; VariantName = "[No Variations]"
Change component parameters (AddParameter): Name = "Supplier 1"; Value = "Farnell"; VariantName = "[No Variations]"
Change component parameters (AddParameter): Name = "Supplier 2"; Value = "Mouser"; VariantName = "[No Variations]"
Change component parameters (AddParameter): Name = "Supplier 3"; Value = "Digi-Key"; VariantName = "[No Variations]"
Change component parameters (AddParameter): Name = "Supplier Part Number 1"; Value = "2761567"; VariantName = "[No Variations]"
Change component parameters (AddParameter): Name = "Supplier Part Number 2"; Value = "710-742792040"; VariantName = "[No Variations]"
Change component parameters (AddParameter): Name = "Supplier Part Number 3"; Value = "732-1620-1-ND"; VariantName = "[No Variations]"
Change component parameters (AddParameter): Name = "Type"; Value = "High Current"; VariantName = "[No Variations]"
Change component parameters (AddParameter): Name = "Value"; Value = "600O"; VariantName = "[No Variations]"
Change component parameters: Designator = "L3"; Footprint = "WE-CBF_0805_High Current"; UniqueID = "\KUYADNDL\AHYPESPG"
Change component parameters. Clean all parameters for all variants
Change component parameters (AddParameter): Name = "ComponentLink1Description"; Value = "Manufacturer"; VariantName = "[No Variations]"
Change component parameters (AddParameter): Name = "ComponentLink1URL"; Value = "http://www.we-online.de"; VariantName = "[No Variations]"
Change component parameters (AddParameter): Name = "ComponentLink2Description"; Value = "Datasheet"; VariantName = "[No Variations]"
Change component parameters (AddParameter): Name = "ComponentLink2URL"; Value = "http://katalog.we-online.de/pbs/datasheet/742792040.pdf"; VariantName = "[No Variations]"
Change component parameters (AddParameter): Name = "MF"; Value = "Wurth Elektronik"; VariantName = "[No Variations]"
Change component parameters (AddParameter): Name = "MPN"; Value = "742792040"; VariantName = "[No Variations]"
Change component parameters (AddParameter): Name = "PublishedDate"; Value = "Aug 2016"; VariantName = "[No Variations]"
Change component parameters (AddParameter): Name = "Size"; Value = "0805"; VariantName = "[No Variations]"
Change component parameters (AddParameter): Name = "Supplier 1"; Value = "Farnell"; VariantName = "[No Variations]"
Change component parameters (AddParameter): Name = "Supplier 2"; Value = "Mouser"; VariantName = "[No Variations]"
Change component parameters (AddParameter): Name = "Supplier 3"; Value = "Digi-Key"; VariantName = "[No Variations]"
Change component parameters (AddParameter): Name = "Supplier Part Number 1"; Value = "2761567"; VariantName = "[No Variations]"
Change component parameters (AddParameter): Name = "Supplier Part Number 2"; Value = "710-742792040"; VariantName = "[No Variations]"
Change component parameters (AddParameter): Name = "Supplier Part Number 3"; Value = "732-1620-1-ND"; VariantName = "[No Variations]"
Change component parameters (AddParameter): Name = "Type"; Value = "High Current"; VariantName = "[No Variations]"
Change component parameters (AddParameter): Name = "Value"; Value = "600O"; VariantName = "[No Variations]"
Change component parameters: Designator = "L4"; Footprint = "WE-CBF_0805_High Current"; UniqueID = "\KUYADNDL\HWGUGTWE"
Change component parameters. Clean all parameters for all variants
Change component parameters (AddParameter): Name = "ComponentLink1Description"; Value = "Manufacturer"; VariantName = "[No Variations]"
Change component parameters (AddParameter): Name = "ComponentLink1URL"; Value = "http://www.we-online.de"; VariantName = "[No Variations]"
Change component parameters (AddParameter): Name = "ComponentLink2Description"; Value = "Datasheet"; VariantName = "[No Variations]"
Change component parameters (AddParameter): Name = "ComponentLink2URL"; Value = "http://katalog.we-online.de/pbs/datasheet/742792040.pdf"; VariantName = "[No Variations]"
Change component parameters (AddParameter): Name = "MF"; Value = "Wurth Elektronik"; VariantName = "[No Variations]"
Change component parameters (AddParameter): Name = "MPN"; Value = "742792040"; VariantName = "[No Variations]"
Change component parameters (AddParameter): Name = "PublishedDate"; Value = "Aug 2016"; VariantName = "[No Variations]"
Change component parameters (AddParameter): Name = "Size"; Value = "0805"; VariantName = "[No Variations]"
Change component parameters (AddParameter): Name = "Supplier 1"; Value = "Farnell"; VariantName = "[No Variations]"
Change component parameters (AddParameter): Name = "Supplier 2"; Value = "Mouser"; VariantName = "[No Variations]"
Change component parameters (AddParameter): Name = "Supplier 3"; Value = "Digi-Key"; VariantName = "[No Variations]"
Change component parameters (AddParameter): Name = "Supplier Part Number 1"; Value = "2761567"; VariantName = "[No Variations]"
Change component parameters (AddParameter): Name = "Supplier Part Number 2"; Value = "710-742792040"; VariantName = "[No Variations]"
Change component parameters (AddParameter): Name = "Supplier Part Number 3"; Value = "732-1620-1-ND"; VariantName = "[No Variations]"
Change component parameters (AddParameter): Name = "Type"; Value = "High Current"; VariantName = "[No Variations]"
Change component parameters (AddParameter): Name = "Value"; Value = "600O"; VariantName = "[No Variations]"
Change component parameters: Designator = "L5"; Footprint = "WE-CBF_0805_High Current"; UniqueID = "\KUYADNDL\TJWERUUI"
Change component parameters. Clean all parameters for all variants
Change component parameters (AddParameter): Name = "ComponentLink1Description"; Value = "Manufacturer"; VariantName = "[No Variations]"
Change component parameters (AddParameter): Name = "ComponentLink1URL"; Value = "http://www.we-online.de"; VariantName = "[No Variations]"
Change component parameters (AddParameter): Name = "ComponentLink2Description"; Value = "Datasheet"; VariantName = "[No Variations]"
Change component parameters (AddParameter): Name = "ComponentLink2URL"; Value = "http://katalog.we-online.de/pbs/datasheet/742792040.pdf"; VariantName = "[No Variations]"
Change component parameters (AddParameter): Name = "MF"; Value = "Würth Elektronik"; VariantName = "[No Variations]"
Change component parameters (AddParameter): Name = "MPN"; Value = "742792040"; VariantName = "[No Variations]"
Change component parameters (AddParameter): Name = "PublishedDate"; Value = ""; VariantName = "[No Variations]"
Change component parameters (AddParameter): Name = "Size"; Value = "0805"; VariantName = "[No Variations]"
Change component parameters (AddParameter): Name = "Supplier 1"; Value = "Farnell"; VariantName = "[No Variations]"
Change component parameters (AddParameter): Name = "Supplier 2"; Value = "Mouser"; VariantName = "[No Variations]"
Change component parameters (AddParameter): Name = "Supplier 3"; Value = "Digi-Key"; VariantName = "[No Variations]"
Change component parameters (AddParameter): Name = "Supplier Part Number 1"; Value = "1635735"; VariantName = "[No Variations]"
Change component parameters (AddParameter): Name = "Supplier Part Number 2"; Value = "710-742792040"; VariantName = "[No Variations]"
Change component parameters (AddParameter): Name = "Supplier Part Number 3"; Value = "732-1620-1-ND"; VariantName = "[No Variations]"
Change component parameters (AddParameter): Name = "Type"; Value = "High Current"; VariantName = "[No Variations]"
Change component parameters (AddParameter): Name = "Value"; Value = "600O"; VariantName = "[No Variations]"
Change component parameters: Designator = "L7"; Footprint = "WE-CBF_0805_High Current"; UniqueID = "\LLLSCVGB\YHSVLKIV"
Change component parameters. Clean all parameters for all variants
Change component parameters (AddParameter): Name = "ComponentLink1Description"; Value = "Manufacturer"; VariantName = "[No Variations]"
Change component parameters (AddParameter): Name = "ComponentLink1URL"; Value = "http://www.we-online.de"; VariantName = "[No Variations]"
Change component parameters (AddParameter): Name = "ComponentLink2Description"; Value = "Datasheet"; VariantName = "[No Variations]"
Change component parameters (AddParameter): Name = "ComponentLink2URL"; Value = "http://katalog.we-online.de/pbs/datasheet/742792040.pdf"; VariantName = "[No Variations]"
Change component parameters (AddParameter): Name = "MF"; Value = "Wurth Elektronik"; VariantName = "[No Variations]"
Change component parameters (AddParameter): Name = "MPN"; Value = "742792040"; VariantName = "[No Variations]"
Change component parameters (AddParameter): Name = "PublishedDate"; Value = "Aug 2016"; VariantName = "[No Variations]"
Change component parameters (AddParameter): Name = "Size"; Value = "0805"; VariantName = "[No Variations]"
Change component parameters (AddParameter): Name = "Supplier 1"; Value = "Farnell"; VariantName = "[No Variations]"
Change component parameters (AddParameter): Name = "Supplier 2"; Value = "Mouser"; VariantName = "[No Variations]"
Change component parameters (AddParameter): Name = "Supplier 3"; Value = "Digi-Key"; VariantName = "[No Variations]"
Change component parameters (AddParameter): Name = "Supplier Part Number 1"; Value = "2761567"; VariantName = "[No Variations]"
Change component parameters (AddParameter): Name = "Supplier Part Number 2"; Value = "710-742792040"; VariantName = "[No Variations]"
Change component parameters (AddParameter): Name = "Supplier Part Number 3"; Value = "732-1620-1-ND"; VariantName = "[No Variations]"
Change component parameters (AddParameter): Name = "Type"; Value = "High Current"; VariantName = "[No Variations]"
Change component parameters (AddParameter): Name = "Value"; Value = "600O"; VariantName = "[No Variations]"
Change component parameters: Designator = "R28"; Footprint = "RESC1608X06N"; UniqueID = "\ISMUJODD\DCMYHVDK"
Change component parameters. Clean all parameters for all variants
Change component parameters (AddParameter): Name = "MF"; Value = "Vishay / Dale"; VariantName = "[No Variations]"
Change component parameters (AddParameter): Name = "MPN"; Value = "CRCW0603499RFKEAC"; VariantName = "[No Variations]"
Change component parameters (AddParameter): Name = "Package"; Value = "0603"; VariantName = "[No Variations]"
Change component parameters (AddParameter): Name = "Supplier 1"; Value = "Mouser"; VariantName = "[No Variations]"
Change component parameters (AddParameter): Name = "Supplier Part Number 1"; Value = "71-CRCW0603499RFKEAC"; VariantName = "[No Variations]"
Change component parameters (AddParameter): Name = "Value"; Value = "499R"; VariantName = "[No Variations]"
Change component parameters: Designator = "R48"; Footprint = "RESC1608X06N"; UniqueID = "\LLLSCVGB\OPRBUABQ"
Change component parameters. Clean all parameters for all variants
Change component parameters (AddParameter): Name = "MF"; Value = "Vishay / Dale"; VariantName = "[No Variations]"
Change component parameters (AddParameter): Name = "MPN"; Value = "CRCW06034R99FKEA"; VariantName = "[No Variations]"
Change component parameters (AddParameter): Name = "Supplier 1"; Value = "Mouser"; VariantName = "[No Variations]"
Change component parameters (AddParameter): Name = "Supplier Part Number 1"; Value = "71-CRCW0603-4.99-E3 "; VariantName = "[No Variations]"
Change component parameters (AddParameter): Name = "Tolerance"; Value = "1%"; VariantName = "[No Variations]"
Change component parameters (AddParameter): Name = "Value"; Value = "4.99R"; VariantName = "[No Variations]"
Change component parameters: Designator = "R53"; Footprint = "RESC1608X06N"; UniqueID = "\LLLSCVGB\VVSWLEMM"
Change component parameters. Clean all parameters for all variants
Change component parameters (AddParameter): Name = "MF"; Value = "Vishay / Dale"; VariantName = "[No Variations]"
Change component parameters (AddParameter): Name = "MPN"; Value = "CRCW06034R99FKEA"; VariantName = "[No Variations]"
Change component parameters (AddParameter): Name = "Supplier 1"; Value = "Mouser"; VariantName = "[No Variations]"
Change component parameters (AddParameter): Name = "Supplier Part Number 1"; Value = "71-CRCW0603-4.99-E3 "; VariantName = "[No Variations]"
Change component parameters (AddParameter): Name = "Tolerance"; Value = "1%"; VariantName = "[No Variations]"
Change component parameters (AddParameter): Name = "Value"; Value = "4.99R"; VariantName = "[No Variations]"
Change component parameters: Designator = "R57"; Footprint = "RESC1608X06N"; UniqueID = "\LLLSCVGB\MBBOYRDJ"
Change component parameters. Clean all parameters for all variants
Change component parameters (AddParameter): Name = "MF"; Value = "Vishay / Dale"; VariantName = "[No Variations]"
Change component parameters (AddParameter): Name = "MPN"; Value = "CRCW06034R99FKEA"; VariantName = "[No Variations]"
Change component parameters (AddParameter): Name = "Supplier 1"; Value = "Mouser"; VariantName = "[No Variations]"
Change component parameters (AddParameter): Name = "Supplier Part Number 1"; Value = "71-CRCW0603-4.99-E3 "; VariantName = "[No Variations]"
Change component parameters (AddParameter): Name = "Tolerance"; Value = "1%"; VariantName = "[No Variations]"
Change component parameters (AddParameter): Name = "Value"; Value = "4.99R"; VariantName = "[No Variations]"
Change component parameters: Designator = "R60"; Footprint = "RESC1608X06N"; UniqueID = "\LLLSCVGB\XHCKAIDH"
Change component parameters. Clean all parameters for all variants
Change component parameters (AddParameter): Name = "MF"; Value = "Vishay / Dale"; VariantName = "[No Variations]"
Change component parameters (AddParameter): Name = "MPN"; Value = "CRCW06034R99FKEA"; VariantName = "[No Variations]"
Change component parameters (AddParameter): Name = "Supplier 1"; Value = "Mouser"; VariantName = "[No Variations]"
Change component parameters (AddParameter): Name = "Supplier Part Number 1"; Value = "71-CRCW0603-4.99-E3 "; VariantName = "[No Variations]"
Change component parameters (AddParameter): Name = "Tolerance"; Value = "1%"; VariantName = "[No Variations]"
Change component parameters (AddParameter): Name = "Value"; Value = "4.99R"; VariantName = "[No Variations]"
Change component parameters: Designator = "R61"; Footprint = "RESC1608X06N"; UniqueID = "\LLLSCVGB\UGAEVXQT"
Change component parameters. Clean all parameters for all variants
Change component parameters (AddParameter): Name = "MF"; Value = "Vishay / Dale"; VariantName = "[No Variations]"
Change component parameters (AddParameter): Name = "MPN"; Value = "CRCW06034R99FKEA"; VariantName = "[No Variations]"
Change component parameters (AddParameter): Name = "Supplier 1"; Value = "Mouser"; VariantName = "[No Variations]"
Change component parameters (AddParameter): Name = "Supplier Part Number 1"; Value = "71-CRCW0603-4.99-E3 "; VariantName = "[No Variations]"
Change component parameters (AddParameter): Name = "Tolerance"; Value = "1%"; VariantName = "[No Variations]"
Change component parameters (AddParameter): Name = "Value"; Value = "4.99R"; VariantName = "[No Variations]"
Change component parameters: Designator = "R62"; Footprint = "RESC1608X06N"; UniqueID = "\LLLSCVGB\UKRRPXIJ"
Change component parameters. Clean all parameters for all variants
Change component parameters (AddParameter): Name = "MF"; Value = "Vishay / Dale"; VariantName = "[No Variations]"
Change component parameters (AddParameter): Name = "MPN"; Value = "CRCW06034R99FKEA"; VariantName = "[No Variations]"
Change component parameters (AddParameter): Name = "Supplier 1"; Value = "Mouser"; VariantName = "[No Variations]"
Change component parameters (AddParameter): Name = "Supplier Part Number 1"; Value = "71-CRCW0603-4.99-E3 "; VariantName = "[No Variations]"
Change component parameters (AddParameter): Name = "Tolerance"; Value = "1%"; VariantName = "[No Variations]"
Change component parameters (AddParameter): Name = "Value"; Value = "4.99R"; VariantName = "[No Variations]"
Change component parameters: Designator = "R63"; Footprint = "RESC1608X06N"; UniqueID = "\LLLSCVGB\OBYABFLJ"
Change component parameters. Clean all parameters for all variants
Change component parameters (AddParameter): Name = "MF"; Value = "Vishay / Dale"; VariantName = "[No Variations]"
Change component parameters (AddParameter): Name = "MPN"; Value = "CRCW06034R99FKEA"; VariantName = "[No Variations]"
Change component parameters (AddParameter): Name = "Supplier 1"; Value = "Mouser"; VariantName = "[No Variations]"
Change component parameters (AddParameter): Name = "Supplier Part Number 1"; Value = "71-CRCW0603-4.99-E3 "; VariantName = "[No Variations]"
Change component parameters (AddParameter): Name = "Tolerance"; Value = "1%"; VariantName = "[No Variations]"
Change component parameters (AddParameter): Name = "Value"; Value = "4.99R"; VariantName = "[No Variations]"
Change component parameters: Designator = "R64"; Footprint = "RESC1608X06N"; UniqueID = "\LLLSCVGB\QCKIQGTB"
Change component parameters. Clean all parameters for all variants
Change component parameters (AddParameter): Name = "MF"; Value = "Vishay / Dale"; VariantName = "[No Variations]"
Change component parameters (AddParameter): Name = "MPN"; Value = "CRCW06034R99FKEA"; VariantName = "[No Variations]"
Change component parameters (AddParameter): Name = "Supplier 1"; Value = "Mouser"; VariantName = "[No Variations]"
Change component parameters (AddParameter): Name = "Supplier Part Number 1"; Value = "71-CRCW0603-4.99-E3 "; VariantName = "[No Variations]"
Change component parameters (AddParameter): Name = "Tolerance"; Value = "1%"; VariantName = "[No Variations]"
Change component parameters (AddParameter): Name = "Value"; Value = "4.99R"; VariantName = "[No Variations]"
Added Component: Designator=P1A(HDR2X2)
Add component. Clean all parameters for all variants
Add component (AddParameter): Name = "LatestRevisionDate"; Value = "17-Jul-2002"; VariantName = "[No Variations]"
Add component (AddParameter): Name = "LatestRevisionNote"; Value = "Re-released for DXP Platform."; VariantName = "[No Variations]"
Add component (AddParameter): Name = "Publisher"; Value = "Altium Limited"; VariantName = "[No Variations]"
Added Component: Designator=P1B(HDR2X2)
Add component. Clean all parameters for all variants
Add component (AddParameter): Name = "LatestRevisionDate"; Value = "17-Jul-2002"; VariantName = "[No Variations]"
Add component (AddParameter): Name = "LatestRevisionNote"; Value = "Re-released for DXP Platform."; VariantName = "[No Variations]"
Add component (AddParameter): Name = "Publisher"; Value = "Altium Limited"; VariantName = "[No Variations]"
Added Component: Designator=P2A(HDR2X2)
Add component. Clean all parameters for all variants
Add component (AddParameter): Name = "LatestRevisionDate"; Value = "17-Jul-2002"; VariantName = "[No Variations]"
Add component (AddParameter): Name = "LatestRevisionNote"; Value = "Re-released for DXP Platform."; VariantName = "[No Variations]"
Add component (AddParameter): Name = "Publisher"; Value = "Altium Limited"; VariantName = "[No Variations]"
Added Component: Designator=P2B(HDR2X2)
Add component. Clean all parameters for all variants
Add component (AddParameter): Name = "LatestRevisionDate"; Value = "17-Jul-2002"; VariantName = "[No Variations]"
Add component (AddParameter): Name = "LatestRevisionNote"; Value = "Re-released for DXP Platform."; VariantName = "[No Variations]"
Add component (AddParameter): Name = "Publisher"; Value = "Altium Limited"; VariantName = "[No Variations]"
Added Pin To Net: NetName=Buffer1A_P Pin=P1A-1
Added Pin To Net: NetName=Buffer3A_N Pin=P1A-2
Added Pin To Net: NetName=Buffer2A_P Pin=P1A-3
Added Pin To Net: NetName=Buffer2A_N Pin=P1A-4
Added Pin To Net: NetName=Buffer1B_P Pin=P1B-1
Added Pin To Net: NetName=Buffer3B_N Pin=P1B-2
Added Pin To Net: NetName=Buffer2B_P Pin=P1B-3
Added Pin To Net: NetName=Buffer2B_N Pin=P1B-4
Added Pin To Net: NetName=Buffer3A_P Pin=P2A-1
Added Pin To Net: NetName=Buffer3A_N Pin=P2A-2
Added Pin To Net: NetName=Buffer4A_P Pin=P2A-3
Added Pin To Net: NetName=Buffer4A_N Pin=P2A-4
Added Pin To Net: NetName=Buffer3B_P Pin=P2B-1
Added Pin To Net: NetName=Buffer3B_N Pin=P2B-2
Added Pin To Net: NetName=Buffer4B_P Pin=P2B-3
Added Pin To Net: NetName=Buffer4B_N Pin=P2B-4
Added Member To Class: ClassName=OpAmp1 Member=Component P1A (P1) Header 2X2
Added Member To Class: ClassName=OpAmp2 Member=Component P1B (P1) Header 2X2
Added Member To Class: ClassName=OpAmp1 Member=Component P2A (P2) Header 2X2
Added Member To Class: ClassName=OpAmp2 Member=Component P2B (P2) Header 2X2
