Change Component Description : Designator=L1 Old Description=WE-CBF SMD EMI Suppression Ferrite Bead, 0805, 600O New Description=WE-CBF SMD EMI Suppression Ferrite Bead, 0805, 600O
Change Component Description : Designator=L3 Old Description=WE-CBF SMD EMI Suppression Ferrite Bead, 0805, 600O New Description=WE-CBF SMD EMI Suppression Ferrite Bead, 0805, 600O
Change Component Description : Designator=L4 Old Description=WE-CBF SMD EMI Suppression Ferrite Bead, 0805, 600O New Description=WE-CBF SMD EMI Suppression Ferrite Bead, 0805, 600O
Change Component Description : Designator=L5 Old Description=WE-CBF SMD EMI Suppression Ferrite Bead, 0805, 600O New Description=WE-CBF SMD EMI Suppression Ferrite Bead, 0805, 600O
Change Component Description : Designator=L7 Old Description=WE-CBF SMD EMI Suppression Ferrite Bead, 0805, 600O New Description=WE-CBF SMD EMI Suppression Ferrite Bead, 0805, 600O
Change component parameters: Designator = "L1"; Footprint = "WE-CBF_0805_High Current"; UniqueID = "\KUYADNDL\FDQQVFKW"
Change component parameters. Clean all parameters for all variants
Change component parameters (AddParameter): Name = "ComponentLink1Description"; Value = "Manufacturer"; VariantName = "[No Variations]"
Change component parameters (AddParameter): Name = "ComponentLink1URL"; Value = "http://www.we-online.de"; VariantName = "[No Variations]"
Change component parameters (AddParameter): Name = "ComponentLink2Description"; Value = "Datasheet"; VariantName = "[No Variations]"
Change component parameters (AddParameter): Name = "ComponentLink2URL"; Value = "http://katalog.we-online.de/pbs/datasheet/742792040.pdf"; VariantName = "[No Variations]"
Change component parameters (AddParameter): Name = "MF"; Value = "Wurth Elektronik"; VariantName = "[No Variations]"
Change component parameters (AddParameter): Name = "MPN"; Value = "742792040"; VariantName = "[No Variations]"
Change component parameters (AddParameter): Name = "PublishedDate"; Value = "Aug 2016"; VariantName = "[No Variations]"
Change component parameters (AddParameter): Name = "Size"; Value = "0805"; VariantName = "[No Variations]"
Change component parameters (AddParameter): Name = "Supplier 1"; Value = "Farnell"; VariantName = "[No Variations]"
Change component parameters (AddParameter): Name = "Supplier 2"; Value = "Mouser"; VariantName = "[No Variations]"
Change component parameters (AddParameter): Name = "Supplier 3"; Value = "Digi-Key"; VariantName = "[No Variations]"
Change component parameters (AddParameter): Name = "Supplier Part Number 1"; Value = "2761567"; VariantName = "[No Variations]"
Change component parameters (AddParameter): Name = "Supplier Part Number 2"; Value = "710-742792040"; VariantName = "[No Variations]"
Change component parameters (AddParameter): Name = "Supplier Part Number 3"; Value = "732-1620-1-ND"; VariantName = "[No Variations]"
Change component parameters (AddParameter): Name = "Type"; Value = "High Current"; VariantName = "[No Variations]"
Change component parameters (AddParameter): Name = "Value"; Value = "600O"; VariantName = "[No Variations]"
Change component parameters: Designator = "L3"; Footprint = "WE-CBF_0805_High Current"; UniqueID = "\KUYADNDL\AHYPESPG"
Change component parameters. Clean all parameters for all variants
Change component parameters (AddParameter): Name = "ComponentLink1Description"; Value = "Manufacturer"; VariantName = "[No Variations]"
Change component parameters (AddParameter): Name = "ComponentLink1URL"; Value = "http://www.we-online.de"; VariantName = "[No Variations]"
Change component parameters (AddParameter): Name = "ComponentLink2Description"; Value = "Datasheet"; VariantName = "[No Variations]"
Change component parameters (AddParameter): Name = "ComponentLink2URL"; Value = "http://katalog.we-online.de/pbs/datasheet/742792040.pdf"; VariantName = "[No Variations]"
Change component parameters (AddParameter): Name = "MF"; Value = "Wurth Elektronik"; VariantName = "[No Variations]"
Change component parameters (AddParameter): Name = "MPN"; Value = "742792040"; VariantName = "[No Variations]"
Change component parameters (AddParameter): Name = "PublishedDate"; Value = "Aug 2016"; VariantName = "[No Variations]"
Change component parameters (AddParameter): Name = "Size"; Value = "0805"; VariantName = "[No Variations]"
Change component parameters (AddParameter): Name = "Supplier 1"; Value = "Farnell"; VariantName = "[No Variations]"
Change component parameters (AddParameter): Name = "Supplier 2"; Value = "Mouser"; VariantName = "[No Variations]"
Change component parameters (AddParameter): Name = "Supplier 3"; Value = "Digi-Key"; VariantName = "[No Variations]"
Change component parameters (AddParameter): Name = "Supplier Part Number 1"; Value = "2761567"; VariantName = "[No Variations]"
Change component parameters (AddParameter): Name = "Supplier Part Number 2"; Value = "710-742792040"; VariantName = "[No Variations]"
Change component parameters (AddParameter): Name = "Supplier Part Number 3"; Value = "732-1620-1-ND"; VariantName = "[No Variations]"
Change component parameters (AddParameter): Name = "Type"; Value = "High Current"; VariantName = "[No Variations]"
Change component parameters (AddParameter): Name = "Value"; Value = "600O"; VariantName = "[No Variations]"
Change component parameters: Designator = "L4"; Footprint = "WE-CBF_0805_High Current"; UniqueID = "\KUYADNDL\HWGUGTWE"
Change component parameters. Clean all parameters for all variants
Change component parameters (AddParameter): Name = "ComponentLink1Description"; Value = "Manufacturer"; VariantName = "[No Variations]"
Change component parameters (AddParameter): Name = "ComponentLink1URL"; Value = "http://www.we-online.de"; VariantName = "[No Variations]"
Change component parameters (AddParameter): Name = "ComponentLink2Description"; Value = "Datasheet"; VariantName = "[No Variations]"
Change component parameters (AddParameter): Name = "ComponentLink2URL"; Value = "http://katalog.we-online.de/pbs/datasheet/742792040.pdf"; VariantName = "[No Variations]"
Change component parameters (AddParameter): Name = "MF"; Value = "Wurth Elektronik"; VariantName = "[No Variations]"
Change component parameters (AddParameter): Name = "MPN"; Value = "742792040"; VariantName = "[No Variations]"
Change component parameters (AddParameter): Name = "PublishedDate"; Value = "Aug 2016"; VariantName = "[No Variations]"
Change component parameters (AddParameter): Name = "Size"; Value = "0805"; VariantName = "[No Variations]"
Change component parameters (AddParameter): Name = "Supplier 1"; Value = "Farnell"; VariantName = "[No Variations]"
Change component parameters (AddParameter): Name = "Supplier 2"; Value = "Mouser"; VariantName = "[No Variations]"
Change component parameters (AddParameter): Name = "Supplier 3"; Value = "Digi-Key"; VariantName = "[No Variations]"
Change component parameters (AddParameter): Name = "Supplier Part Number 1"; Value = "2761567"; VariantName = "[No Variations]"
Change component parameters (AddParameter): Name = "Supplier Part Number 2"; Value = "710-742792040"; VariantName = "[No Variations]"
Change component parameters (AddParameter): Name = "Supplier Part Number 3"; Value = "732-1620-1-ND"; VariantName = "[No Variations]"
Change component parameters (AddParameter): Name = "Type"; Value = "High Current"; VariantName = "[No Variations]"
Change component parameters (AddParameter): Name = "Value"; Value = "600O"; VariantName = "[No Variations]"
Change component parameters: Designator = "L5"; Footprint = "WE-CBF_0805_High Current"; UniqueID = "\KUYADNDL\TJWERUUI"
Change component parameters. Clean all parameters for all variants
Change component parameters (AddParameter): Name = "ComponentLink1Description"; Value = "Manufacturer"; VariantName = "[No Variations]"
Change component parameters (AddParameter): Name = "ComponentLink1URL"; Value = "http://www.we-online.de"; VariantName = "[No Variations]"
Change component parameters (AddParameter): Name = "ComponentLink2Description"; Value = "Datasheet"; VariantName = "[No Variations]"
Change component parameters (AddParameter): Name = "ComponentLink2URL"; Value = "http://katalog.we-online.de/pbs/datasheet/742792040.pdf"; VariantName = "[No Variations]"
Change component parameters (AddParameter): Name = "MF"; Value = "Würth Elektronik"; VariantName = "[No Variations]"
Change component parameters (AddParameter): Name = "MPN"; Value = "742792040"; VariantName = "[No Variations]"
Change component parameters (AddParameter): Name = "PublishedDate"; Value = ""; VariantName = "[No Variations]"
Change component parameters (AddParameter): Name = "Size"; Value = "0805"; VariantName = "[No Variations]"
Change component parameters (AddParameter): Name = "Supplier 1"; Value = "Farnell"; VariantName = "[No Variations]"
Change component parameters (AddParameter): Name = "Supplier 2"; Value = "Mouser"; VariantName = "[No Variations]"
Change component parameters (AddParameter): Name = "Supplier 3"; Value = "Digi-Key"; VariantName = "[No Variations]"
Change component parameters (AddParameter): Name = "Supplier Part Number 1"; Value = "1635735"; VariantName = "[No Variations]"
Change component parameters (AddParameter): Name = "Supplier Part Number 2"; Value = "710-742792040"; VariantName = "[No Variations]"
Change component parameters (AddParameter): Name = "Supplier Part Number 3"; Value = "732-1620-1-ND"; VariantName = "[No Variations]"
Change component parameters (AddParameter): Name = "Type"; Value = "High Current"; VariantName = "[No Variations]"
Change component parameters (AddParameter): Name = "Value"; Value = "600O"; VariantName = "[No Variations]"
Change component parameters: Designator = "L7"; Footprint = "WE-CBF_0805_High Current"; UniqueID = "\LLLSCVGB\YHSVLKIV"
Change component parameters. Clean all parameters for all variants
Change component parameters (AddParameter): Name = "ComponentLink1Description"; Value = "Manufacturer"; VariantName = "[No Variations]"
Change component parameters (AddParameter): Name = "ComponentLink1URL"; Value = "http://www.we-online.de"; VariantName = "[No Variations]"
Change component parameters (AddParameter): Name = "ComponentLink2Description"; Value = "Datasheet"; VariantName = "[No Variations]"
Change component parameters (AddParameter): Name = "ComponentLink2URL"; Value = "http://katalog.we-online.de/pbs/datasheet/742792040.pdf"; VariantName = "[No Variations]"
Change component parameters (AddParameter): Name = "MF"; Value = "Wurth Elektronik"; VariantName = "[No Variations]"
Change component parameters (AddParameter): Name = "MPN"; Value = "742792040"; VariantName = "[No Variations]"
Change component parameters (AddParameter): Name = "PublishedDate"; Value = "Aug 2016"; VariantName = "[No Variations]"
Change component parameters (AddParameter): Name = "Size"; Value = "0805"; VariantName = "[No Variations]"
Change component parameters (AddParameter): Name = "Supplier 1"; Value = "Farnell"; VariantName = "[No Variations]"
Change component parameters (AddParameter): Name = "Supplier 2"; Value = "Mouser"; VariantName = "[No Variations]"
Change component parameters (AddParameter): Name = "Supplier 3"; Value = "Digi-Key"; VariantName = "[No Variations]"
Change component parameters (AddParameter): Name = "Supplier Part Number 1"; Value = "2761567"; VariantName = "[No Variations]"
Change component parameters (AddParameter): Name = "Supplier Part Number 2"; Value = "710-742792040"; VariantName = "[No Variations]"
Change component parameters (AddParameter): Name = "Supplier Part Number 3"; Value = "732-1620-1-ND"; VariantName = "[No Variations]"
Change component parameters (AddParameter): Name = "Type"; Value = "High Current"; VariantName = "[No Variations]"
Change component parameters (AddParameter): Name = "Value"; Value = "600O"; VariantName = "[No Variations]"
Change component parameters: Designator = "R65A"; Footprint = "RESC1608X06N"; UniqueID = "\BPYJDBSU\APJXKQQS"
Change component parameters. Clean all parameters for all variants
Change component parameters (AddParameter): Name = "MF"; Value = "Yageo"; VariantName = "[No Variations]"
Change component parameters (AddParameter): Name = "MPN"; Value = "AC0603FR-13100RL"; VariantName = "[No Variations]"
Change component parameters (AddParameter): Name = "Package"; Value = "0603"; VariantName = "[No Variations]"
Change component parameters (AddParameter): Name = "Supplier 1"; Value = "Mouser"; VariantName = "[No Variations]"
Change component parameters (AddParameter): Name = "Supplier Part Number 1"; Value = "603-AC0603FR-13100RL"; VariantName = "[No Variations]"
Change component parameters (AddParameter): Name = "Tolerance"; Value = "1%"; VariantName = "[No Variations]"
Change component parameters (AddParameter): Name = "Value"; Value = "100R"; VariantName = "[No Variations]"
Change component parameters (AddParameter): Name = "MF"; Value = "Vishay / Dale"; VariantName = "Current Signal"
Change component parameters (AddParameter): Name = "MPN"; Value = "CRCW06030000Z0EBC"; VariantName = "Current Signal"
Change component parameters (AddParameter): Name = "Package"; Value = "0603"; VariantName = "Current Signal"
Change component parameters (AddParameter): Name = "Supplier 1"; Value = "Mouser"; VariantName = "Current Signal"
Change component parameters (AddParameter): Name = "Supplier Part Number 1"; Value = "71-CRCW06030000Z0EBC"; VariantName = "Current Signal"
Change component parameters (AddParameter): Name = "Tolerance"; Value = ""; VariantName = "Current Signal"
Change component parameters (AddParameter): Name = "Value"; Value = "0R"; VariantName = "Current Signal"
Change component parameters: Designator = "R65B"; Footprint = "RESC1608X06N"; UniqueID = "\DCHOILRF\APJXKQQS"
Change component parameters. Clean all parameters for all variants
Change component parameters (AddParameter): Name = "MF"; Value = "Yageo"; VariantName = "[No Variations]"
Change component parameters (AddParameter): Name = "MPN"; Value = "AC0603FR-13100RL"; VariantName = "[No Variations]"
Change component parameters (AddParameter): Name = "Package"; Value = "0603"; VariantName = "[No Variations]"
Change component parameters (AddParameter): Name = "Supplier 1"; Value = "Mouser"; VariantName = "[No Variations]"
Change component parameters (AddParameter): Name = "Supplier Part Number 1"; Value = "603-AC0603FR-13100RL"; VariantName = "[No Variations]"
Change component parameters (AddParameter): Name = "Tolerance"; Value = "1%"; VariantName = "[No Variations]"
Change component parameters (AddParameter): Name = "Value"; Value = "100R"; VariantName = "[No Variations]"
Change component parameters (AddParameter): Name = "MF"; Value = "Vishay / Dale"; VariantName = "Current Signal"
Change component parameters (AddParameter): Name = "MPN"; Value = "CRCW06030000Z0EBC"; VariantName = "Current Signal"
Change component parameters (AddParameter): Name = "Package"; Value = "0603"; VariantName = "Current Signal"
Change component parameters (AddParameter): Name = "Supplier 1"; Value = "Mouser"; VariantName = "Current Signal"
Change component parameters (AddParameter): Name = "Supplier Part Number 1"; Value = "71-CRCW06030000Z0EBC"; VariantName = "Current Signal"
Change component parameters (AddParameter): Name = "Tolerance"; Value = ""; VariantName = "Current Signal"
Change component parameters (AddParameter): Name = "Value"; Value = "0R"; VariantName = "Current Signal"
Change component parameters: Designator = "R66A"; Footprint = "RESC1608X06N"; UniqueID = "\BPYJDBSU\SICMTWFQ"
Change component parameters. Clean all parameters for all variants
Change component parameters (AddParameter): Name = "MF"; Value = "Yageo"; VariantName = "[No Variations]"
Change component parameters (AddParameter): Name = "MPN"; Value = "AC0603FR-13100RL"; VariantName = "[No Variations]"
Change component parameters (AddParameter): Name = "Package"; Value = "0603"; VariantName = "[No Variations]"
Change component parameters (AddParameter): Name = "Supplier 1"; Value = "Mouser"; VariantName = "[No Variations]"
Change component parameters (AddParameter): Name = "Supplier Part Number 1"; Value = "603-AC0603FR-13100RL"; VariantName = "[No Variations]"
Change component parameters (AddParameter): Name = "Tolerance"; Value = "1%"; VariantName = "[No Variations]"
Change component parameters (AddParameter): Name = "Value"; Value = "100R"; VariantName = "[No Variations]"
Change component parameters (AddParameter): Name = "MF"; Value = "Vishay / Dale"; VariantName = "Current Signal"
Change component parameters (AddParameter): Name = "MPN"; Value = "CRCW06030000Z0EBC"; VariantName = "Current Signal"
Change component parameters (AddParameter): Name = "Package"; Value = "0603"; VariantName = "Current Signal"
Change component parameters (AddParameter): Name = "Supplier 1"; Value = "Mouser"; VariantName = "Current Signal"
Change component parameters (AddParameter): Name = "Supplier Part Number 1"; Value = "71-CRCW06030000Z0EBC"; VariantName = "Current Signal"
Change component parameters (AddParameter): Name = "Tolerance"; Value = ""; VariantName = "Current Signal"
Change component parameters (AddParameter): Name = "Value"; Value = "0R"; VariantName = "Current Signal"
Change component parameters: Designator = "R66B"; Footprint = "RESC1608X06N"; UniqueID = "\DCHOILRF\SICMTWFQ"
Change component parameters. Clean all parameters for all variants
Change component parameters (AddParameter): Name = "MF"; Value = "Yageo"; VariantName = "[No Variations]"
Change component parameters (AddParameter): Name = "MPN"; Value = "AC0603FR-13100RL"; VariantName = "[No Variations]"
Change component parameters (AddParameter): Name = "Package"; Value = "0603"; VariantName = "[No Variations]"
Change component parameters (AddParameter): Name = "Supplier 1"; Value = "Mouser"; VariantName = "[No Variations]"
Change component parameters (AddParameter): Name = "Supplier Part Number 1"; Value = "603-AC0603FR-13100RL"; VariantName = "[No Variations]"
Change component parameters (AddParameter): Name = "Tolerance"; Value = "1%"; VariantName = "[No Variations]"
Change component parameters (AddParameter): Name = "Value"; Value = "100R"; VariantName = "[No Variations]"
Change component parameters (AddParameter): Name = "MF"; Value = "Vishay / Dale"; VariantName = "Current Signal"
Change component parameters (AddParameter): Name = "MPN"; Value = "CRCW06030000Z0EBC"; VariantName = "Current Signal"
Change component parameters (AddParameter): Name = "Package"; Value = "0603"; VariantName = "Current Signal"
Change component parameters (AddParameter): Name = "Supplier 1"; Value = "Mouser"; VariantName = "Current Signal"
Change component parameters (AddParameter): Name = "Supplier Part Number 1"; Value = "71-CRCW06030000Z0EBC"; VariantName = "Current Signal"
Change component parameters (AddParameter): Name = "Tolerance"; Value = ""; VariantName = "Current Signal"
Change component parameters (AddParameter): Name = "Value"; Value = "0R"; VariantName = "Current Signal"
Change component parameters: Designator = "R67A"; Footprint = "RESC1608X06N"; UniqueID = "\BPYJDBSU\FSDCLJEG"
Change component parameters. Clean all parameters for all variants
Change component parameters (AddParameter): Name = "MF"; Value = "Yageo"; VariantName = "[No Variations]"
Change component parameters (AddParameter): Name = "MPN"; Value = "AC0603FR-13100RL"; VariantName = "[No Variations]"
Change component parameters (AddParameter): Name = "Package"; Value = "0603"; VariantName = "[No Variations]"
Change component parameters (AddParameter): Name = "Supplier 1"; Value = "Mouser"; VariantName = "[No Variations]"
Change component parameters (AddParameter): Name = "Supplier Part Number 1"; Value = "603-AC0603FR-13100RL"; VariantName = "[No Variations]"
Change component parameters (AddParameter): Name = "Tolerance"; Value = "1%"; VariantName = "[No Variations]"
Change component parameters (AddParameter): Name = "Value"; Value = "100R"; VariantName = "[No Variations]"
Change component parameters (AddParameter): Name = "MF"; Value = "Vishay / Dale"; VariantName = "Current Signal"
Change component parameters (AddParameter): Name = "MPN"; Value = "CRCW06030000Z0EBC"; VariantName = "Current Signal"
Change component parameters (AddParameter): Name = "Package"; Value = "0603"; VariantName = "Current Signal"
Change component parameters (AddParameter): Name = "Supplier 1"; Value = "Mouser"; VariantName = "Current Signal"
Change component parameters (AddParameter): Name = "Supplier Part Number 1"; Value = "71-CRCW06030000Z0EBC"; VariantName = "Current Signal"
Change component parameters (AddParameter): Name = "Tolerance"; Value = ""; VariantName = "Current Signal"
Change component parameters (AddParameter): Name = "Value"; Value = "0R"; VariantName = "Current Signal"
Change component parameters: Designator = "R67B"; Footprint = "RESC1608X06N"; UniqueID = "\DCHOILRF\FSDCLJEG"
Change component parameters. Clean all parameters for all variants
Change component parameters (AddParameter): Name = "MF"; Value = "Yageo"; VariantName = "[No Variations]"
Change component parameters (AddParameter): Name = "MPN"; Value = "AC0603FR-13100RL"; VariantName = "[No Variations]"
Change component parameters (AddParameter): Name = "Package"; Value = "0603"; VariantName = "[No Variations]"
Change component parameters (AddParameter): Name = "Supplier 1"; Value = "Mouser"; VariantName = "[No Variations]"
Change component parameters (AddParameter): Name = "Supplier Part Number 1"; Value = "603-AC0603FR-13100RL"; VariantName = "[No Variations]"
Change component parameters (AddParameter): Name = "Tolerance"; Value = "1%"; VariantName = "[No Variations]"
Change component parameters (AddParameter): Name = "Value"; Value = "100R"; VariantName = "[No Variations]"
Change component parameters (AddParameter): Name = "MF"; Value = "Vishay / Dale"; VariantName = "Current Signal"
Change component parameters (AddParameter): Name = "MPN"; Value = "CRCW06030000Z0EBC"; VariantName = "Current Signal"
Change component parameters (AddParameter): Name = "Package"; Value = "0603"; VariantName = "Current Signal"
Change component parameters (AddParameter): Name = "Supplier 1"; Value = "Mouser"; VariantName = "Current Signal"
Change component parameters (AddParameter): Name = "Supplier Part Number 1"; Value = "71-CRCW06030000Z0EBC"; VariantName = "Current Signal"
Change component parameters (AddParameter): Name = "Tolerance"; Value = ""; VariantName = "Current Signal"
Change component parameters (AddParameter): Name = "Value"; Value = "0R"; VariantName = "Current Signal"
Change component parameters: Designator = "R68A"; Footprint = "RESC1608X06N"; UniqueID = "\BPYJDBSU\NYMJLCPS"
Change component parameters. Clean all parameters for all variants
Change component parameters (AddParameter): Name = "MF"; Value = "Yageo"; VariantName = "[No Variations]"
Change component parameters (AddParameter): Name = "MPN"; Value = "AC0603FR-13100RL"; VariantName = "[No Variations]"
Change component parameters (AddParameter): Name = "Package"; Value = "0603"; VariantName = "[No Variations]"
Change component parameters (AddParameter): Name = "Supplier 1"; Value = "Mouser"; VariantName = "[No Variations]"
Change component parameters (AddParameter): Name = "Supplier Part Number 1"; Value = "603-AC0603FR-13100RL"; VariantName = "[No Variations]"
Change component parameters (AddParameter): Name = "Tolerance"; Value = "1%"; VariantName = "[No Variations]"
Change component parameters (AddParameter): Name = "Value"; Value = "100R"; VariantName = "[No Variations]"
Change component parameters (AddParameter): Name = "MF"; Value = "Vishay / Dale"; VariantName = "Current Signal"
Change component parameters (AddParameter): Name = "MPN"; Value = "CRCW06030000Z0EBC"; VariantName = "Current Signal"
Change component parameters (AddParameter): Name = "Package"; Value = "0603"; VariantName = "Current Signal"
Change component parameters (AddParameter): Name = "Supplier 1"; Value = "Mouser"; VariantName = "Current Signal"
Change component parameters (AddParameter): Name = "Supplier Part Number 1"; Value = "71-CRCW06030000Z0EBC"; VariantName = "Current Signal"
Change component parameters (AddParameter): Name = "Tolerance"; Value = ""; VariantName = "Current Signal"
Change component parameters (AddParameter): Name = "Value"; Value = "0R"; VariantName = "Current Signal"
Change component parameters: Designator = "R68B"; Footprint = "RESC1608X06N"; UniqueID = "\DCHOILRF\NYMJLCPS"
Change component parameters. Clean all parameters for all variants
Change component parameters (AddParameter): Name = "MF"; Value = "Yageo"; VariantName = "[No Variations]"
Change component parameters (AddParameter): Name = "MPN"; Value = "AC0603FR-13100RL"; VariantName = "[No Variations]"
Change component parameters (AddParameter): Name = "Package"; Value = "0603"; VariantName = "[No Variations]"
Change component parameters (AddParameter): Name = "Supplier 1"; Value = "Mouser"; VariantName = "[No Variations]"
Change component parameters (AddParameter): Name = "Supplier Part Number 1"; Value = "603-AC0603FR-13100RL"; VariantName = "[No Variations]"
Change component parameters (AddParameter): Name = "Tolerance"; Value = "1%"; VariantName = "[No Variations]"
Change component parameters (AddParameter): Name = "Value"; Value = "100R"; VariantName = "[No Variations]"
Change component parameters (AddParameter): Name = "MF"; Value = "Vishay / Dale"; VariantName = "Current Signal"
Change component parameters (AddParameter): Name = "MPN"; Value = "CRCW06030000Z0EBC"; VariantName = "Current Signal"
Change component parameters (AddParameter): Name = "Package"; Value = "0603"; VariantName = "Current Signal"
Change component parameters (AddParameter): Name = "Supplier 1"; Value = "Mouser"; VariantName = "Current Signal"
Change component parameters (AddParameter): Name = "Supplier Part Number 1"; Value = "71-CRCW06030000Z0EBC"; VariantName = "Current Signal"
Change component parameters (AddParameter): Name = "Tolerance"; Value = ""; VariantName = "Current Signal"
Change component parameters (AddParameter): Name = "Value"; Value = "0R"; VariantName = "Current Signal"
Change component parameters: Designator = "R69A"; Footprint = "RESC1608X06N"; UniqueID = "\BPYJDBSU\UPTAGYSY"
Change component parameters. Clean all parameters for all variants
Change component parameters (AddParameter): Name = "MF"; Value = "Yageo"; VariantName = "[No Variations]"
Change component parameters (AddParameter): Name = "MPN"; Value = "AC0603FR-13100RL"; VariantName = "[No Variations]"
Change component parameters (AddParameter): Name = "Package"; Value = "0603"; VariantName = "[No Variations]"
Change component parameters (AddParameter): Name = "Supplier 1"; Value = "Mouser"; VariantName = "[No Variations]"
Change component parameters (AddParameter): Name = "Supplier Part Number 1"; Value = "603-AC0603FR-13100RL"; VariantName = "[No Variations]"
Change component parameters (AddParameter): Name = "Tolerance"; Value = "1%"; VariantName = "[No Variations]"
Change component parameters (AddParameter): Name = "Value"; Value = "100R"; VariantName = "[No Variations]"
Change component parameters (AddParameter): Name = "MF"; Value = "Vishay / Dale"; VariantName = "Current Signal"
Change component parameters (AddParameter): Name = "MPN"; Value = "CRCW06030000Z0EBC"; VariantName = "Current Signal"
Change component parameters (AddParameter): Name = "Package"; Value = "0603"; VariantName = "Current Signal"
Change component parameters (AddParameter): Name = "Supplier 1"; Value = "Mouser"; VariantName = "Current Signal"
Change component parameters (AddParameter): Name = "Supplier Part Number 1"; Value = "71-CRCW06030000Z0EBC"; VariantName = "Current Signal"
Change component parameters (AddParameter): Name = "Tolerance"; Value = ""; VariantName = "Current Signal"
Change component parameters (AddParameter): Name = "Value"; Value = "0R"; VariantName = "Current Signal"
Change component parameters: Designator = "R69B"; Footprint = "RESC1608X06N"; UniqueID = "\DCHOILRF\UPTAGYSY"
Change component parameters. Clean all parameters for all variants
Change component parameters (AddParameter): Name = "MF"; Value = "Yageo"; VariantName = "[No Variations]"
Change component parameters (AddParameter): Name = "MPN"; Value = "AC0603FR-13100RL"; VariantName = "[No Variations]"
Change component parameters (AddParameter): Name = "Package"; Value = "0603"; VariantName = "[No Variations]"
Change component parameters (AddParameter): Name = "Supplier 1"; Value = "Mouser"; VariantName = "[No Variations]"
Change component parameters (AddParameter): Name = "Supplier Part Number 1"; Value = "603-AC0603FR-13100RL"; VariantName = "[No Variations]"
Change component parameters (AddParameter): Name = "Tolerance"; Value = "1%"; VariantName = "[No Variations]"
Change component parameters (AddParameter): Name = "Value"; Value = "100R"; VariantName = "[No Variations]"
Change component parameters (AddParameter): Name = "MF"; Value = "Vishay / Dale"; VariantName = "Current Signal"
Change component parameters (AddParameter): Name = "MPN"; Value = "CRCW06030000Z0EBC"; VariantName = "Current Signal"
Change component parameters (AddParameter): Name = "Package"; Value = "0603"; VariantName = "Current Signal"
Change component parameters (AddParameter): Name = "Supplier 1"; Value = "Mouser"; VariantName = "Current Signal"
Change component parameters (AddParameter): Name = "Supplier Part Number 1"; Value = "71-CRCW06030000Z0EBC"; VariantName = "Current Signal"
Change component parameters (AddParameter): Name = "Tolerance"; Value = ""; VariantName = "Current Signal"
Change component parameters (AddParameter): Name = "Value"; Value = "0R"; VariantName = "Current Signal"
Change component parameters: Designator = "R70A"; Footprint = "RESC1608X06N"; UniqueID = "\BPYJDBSU\EHMQXCBJ"
Change component parameters. Clean all parameters for all variants
Change component parameters (AddParameter): Name = "MF"; Value = "Yageo"; VariantName = "[No Variations]"
Change component parameters (AddParameter): Name = "MPN"; Value = "AC0603FR-13100RL"; VariantName = "[No Variations]"
Change component parameters (AddParameter): Name = "Package"; Value = "0603"; VariantName = "[No Variations]"
Change component parameters (AddParameter): Name = "Supplier 1"; Value = "Mouser"; VariantName = "[No Variations]"
Change component parameters (AddParameter): Name = "Supplier Part Number 1"; Value = "603-AC0603FR-13100RL"; VariantName = "[No Variations]"
Change component parameters (AddParameter): Name = "Tolerance"; Value = "1%"; VariantName = "[No Variations]"
Change component parameters (AddParameter): Name = "Value"; Value = "100R"; VariantName = "[No Variations]"
Change component parameters (AddParameter): Name = "MF"; Value = "Vishay / Dale"; VariantName = "Current Signal"
Change component parameters (AddParameter): Name = "MPN"; Value = "CRCW06030000Z0EBC"; VariantName = "Current Signal"
Change component parameters (AddParameter): Name = "Package"; Value = "0603"; VariantName = "Current Signal"
Change component parameters (AddParameter): Name = "Supplier 1"; Value = "Mouser"; VariantName = "Current Signal"
Change component parameters (AddParameter): Name = "Supplier Part Number 1"; Value = "71-CRCW06030000Z0EBC"; VariantName = "Current Signal"
Change component parameters (AddParameter): Name = "Tolerance"; Value = ""; VariantName = "Current Signal"
Change component parameters (AddParameter): Name = "Value"; Value = "0R"; VariantName = "Current Signal"
Change component parameters: Designator = "R70B"; Footprint = "RESC1608X06N"; UniqueID = "\DCHOILRF\EHMQXCBJ"
Change component parameters. Clean all parameters for all variants
Change component parameters (AddParameter): Name = "MF"; Value = "Yageo"; VariantName = "[No Variations]"
Change component parameters (AddParameter): Name = "MPN"; Value = "AC0603FR-13100RL"; VariantName = "[No Variations]"
Change component parameters (AddParameter): Name = "Package"; Value = "0603"; VariantName = "[No Variations]"
Change component parameters (AddParameter): Name = "Supplier 1"; Value = "Mouser"; VariantName = "[No Variations]"
Change component parameters (AddParameter): Name = "Supplier Part Number 1"; Value = "603-AC0603FR-13100RL"; VariantName = "[No Variations]"
Change component parameters (AddParameter): Name = "Tolerance"; Value = "1%"; VariantName = "[No Variations]"
Change component parameters (AddParameter): Name = "Value"; Value = "100R"; VariantName = "[No Variations]"
Change component parameters (AddParameter): Name = "MF"; Value = "Vishay / Dale"; VariantName = "Current Signal"
Change component parameters (AddParameter): Name = "MPN"; Value = "CRCW06030000Z0EBC"; VariantName = "Current Signal"
Change component parameters (AddParameter): Name = "Package"; Value = "0603"; VariantName = "Current Signal"
Change component parameters (AddParameter): Name = "Supplier 1"; Value = "Mouser"; VariantName = "Current Signal"
Change component parameters (AddParameter): Name = "Supplier Part Number 1"; Value = "71-CRCW06030000Z0EBC"; VariantName = "Current Signal"
Change component parameters (AddParameter): Name = "Tolerance"; Value = ""; VariantName = "Current Signal"
Change component parameters (AddParameter): Name = "Value"; Value = "0R"; VariantName = "Current Signal"
Change component parameters: Designator = "R71A"; Footprint = "RESC1608X06N"; UniqueID = "\BPYJDBSU\MIAGMJLI"
Change component parameters. Clean all parameters for all variants
Change component parameters (AddParameter): Name = "MF"; Value = "Yageo"; VariantName = "[No Variations]"
Change component parameters (AddParameter): Name = "MPN"; Value = "AC0603FR-13100RL"; VariantName = "[No Variations]"
Change component parameters (AddParameter): Name = "Package"; Value = "0603"; VariantName = "[No Variations]"
Change component parameters (AddParameter): Name = "Supplier 1"; Value = "Mouser"; VariantName = "[No Variations]"
Change component parameters (AddParameter): Name = "Supplier Part Number 1"; Value = "603-AC0603FR-13100RL"; VariantName = "[No Variations]"
Change component parameters (AddParameter): Name = "Tolerance"; Value = "1%"; VariantName = "[No Variations]"
Change component parameters (AddParameter): Name = "Value"; Value = "100R"; VariantName = "[No Variations]"
Change component parameters (AddParameter): Name = "MF"; Value = "Vishay / Dale"; VariantName = "Current Signal"
Change component parameters (AddParameter): Name = "MPN"; Value = "CRCW06030000Z0EBC"; VariantName = "Current Signal"
Change component parameters (AddParameter): Name = "Package"; Value = "0603"; VariantName = "Current Signal"
Change component parameters (AddParameter): Name = "Supplier 1"; Value = "Mouser"; VariantName = "Current Signal"
Change component parameters (AddParameter): Name = "Supplier Part Number 1"; Value = "71-CRCW06030000Z0EBC"; VariantName = "Current Signal"
Change component parameters (AddParameter): Name = "Tolerance"; Value = ""; VariantName = "Current Signal"
Change component parameters (AddParameter): Name = "Value"; Value = "0R"; VariantName = "Current Signal"
Change component parameters: Designator = "R71B"; Footprint = "RESC1608X06N"; UniqueID = "\DCHOILRF\MIAGMJLI"
Change component parameters. Clean all parameters for all variants
Change component parameters (AddParameter): Name = "MF"; Value = "Yageo"; VariantName = "[No Variations]"
Change component parameters (AddParameter): Name = "MPN"; Value = "AC0603FR-13100RL"; VariantName = "[No Variations]"
Change component parameters (AddParameter): Name = "Package"; Value = "0603"; VariantName = "[No Variations]"
Change component parameters (AddParameter): Name = "Supplier 1"; Value = "Mouser"; VariantName = "[No Variations]"
Change component parameters (AddParameter): Name = "Supplier Part Number 1"; Value = "603-AC0603FR-13100RL"; VariantName = "[No Variations]"
Change component parameters (AddParameter): Name = "Tolerance"; Value = "1%"; VariantName = "[No Variations]"
Change component parameters (AddParameter): Name = "Value"; Value = "100R"; VariantName = "[No Variations]"
Change component parameters (AddParameter): Name = "MF"; Value = "Vishay / Dale"; VariantName = "Current Signal"
Change component parameters (AddParameter): Name = "MPN"; Value = "CRCW06030000Z0EBC"; VariantName = "Current Signal"
Change component parameters (AddParameter): Name = "Package"; Value = "0603"; VariantName = "Current Signal"
Change component parameters (AddParameter): Name = "Supplier 1"; Value = "Mouser"; VariantName = "Current Signal"
Change component parameters (AddParameter): Name = "Supplier Part Number 1"; Value = "71-CRCW06030000Z0EBC"; VariantName = "Current Signal"
Change component parameters (AddParameter): Name = "Tolerance"; Value = ""; VariantName = "Current Signal"
Change component parameters (AddParameter): Name = "Value"; Value = "0R"; VariantName = "Current Signal"
Change component parameters: Designator = "R72A"; Footprint = "RESC1608X06N"; UniqueID = "\BPYJDBSU\NTLYSVUU"
Change component parameters. Clean all parameters for all variants
Change component parameters (AddParameter): Name = "MF"; Value = "Yageo"; VariantName = "[No Variations]"
Change component parameters (AddParameter): Name = "MPN"; Value = "AC0603FR-13100RL"; VariantName = "[No Variations]"
Change component parameters (AddParameter): Name = "Package"; Value = "0603"; VariantName = "[No Variations]"
Change component parameters (AddParameter): Name = "Supplier 1"; Value = "Mouser"; VariantName = "[No Variations]"
Change component parameters (AddParameter): Name = "Supplier Part Number 1"; Value = "603-AC0603FR-13100RL"; VariantName = "[No Variations]"
Change component parameters (AddParameter): Name = "Tolerance"; Value = "1%"; VariantName = "[No Variations]"
Change component parameters (AddParameter): Name = "Value"; Value = "100R"; VariantName = "[No Variations]"
Change component parameters (AddParameter): Name = "MF"; Value = "Vishay / Dale"; VariantName = "Current Signal"
Change component parameters (AddParameter): Name = "MPN"; Value = "CRCW06030000Z0EBC"; VariantName = "Current Signal"
Change component parameters (AddParameter): Name = "Package"; Value = "0603"; VariantName = "Current Signal"
Change component parameters (AddParameter): Name = "Supplier 1"; Value = "Mouser"; VariantName = "Current Signal"
Change component parameters (AddParameter): Name = "Supplier Part Number 1"; Value = "71-CRCW06030000Z0EBC"; VariantName = "Current Signal"
Change component parameters (AddParameter): Name = "Tolerance"; Value = ""; VariantName = "Current Signal"
Change component parameters (AddParameter): Name = "Value"; Value = "0R"; VariantName = "Current Signal"
Change component parameters: Designator = "R72B"; Footprint = "RESC1608X06N"; UniqueID = "\DCHOILRF\NTLYSVUU"
Change component parameters. Clean all parameters for all variants
Change component parameters (AddParameter): Name = "MF"; Value = "Yageo"; VariantName = "[No Variations]"
Change component parameters (AddParameter): Name = "MPN"; Value = "AC0603FR-13100RL"; VariantName = "[No Variations]"
Change component parameters (AddParameter): Name = "Package"; Value = "0603"; VariantName = "[No Variations]"
Change component parameters (AddParameter): Name = "Supplier 1"; Value = "Mouser"; VariantName = "[No Variations]"
Change component parameters (AddParameter): Name = "Supplier Part Number 1"; Value = "603-AC0603FR-13100RL"; VariantName = "[No Variations]"
Change component parameters (AddParameter): Name = "Tolerance"; Value = "1%"; VariantName = "[No Variations]"
Change component parameters (AddParameter): Name = "Value"; Value = "100R"; VariantName = "[No Variations]"
Change component parameters (AddParameter): Name = "MF"; Value = "Vishay / Dale"; VariantName = "Current Signal"
Change component parameters (AddParameter): Name = "MPN"; Value = "CRCW06030000Z0EBC"; VariantName = "Current Signal"
Change component parameters (AddParameter): Name = "Package"; Value = "0603"; VariantName = "Current Signal"
Change component parameters (AddParameter): Name = "Supplier 1"; Value = "Mouser"; VariantName = "Current Signal"
Change component parameters (AddParameter): Name = "Supplier Part Number 1"; Value = "71-CRCW06030000Z0EBC"; VariantName = "Current Signal"
Change component parameters (AddParameter): Name = "Tolerance"; Value = ""; VariantName = "Current Signal"
Change component parameters (AddParameter): Name = "Value"; Value = "0R"; VariantName = "Current Signal"
Added Component: Designator=R36(0603_Config_down)
Add component. Clean all parameters for all variants
Add component (AddParameter): Name = "Created"; Value = "2018_09_04_AGeiger"; VariantName = "Buffer Shared Conversion"
Add component (AddParameter): Name = "Package"; Value = "0603"; VariantName = "Buffer Shared Conversion"
Add component (AddParameter): Name = "Value"; Value = "0R"; VariantName = "Buffer Shared Conversion"
Added Component: Designator=R44(0603_Config_down)
Add component. Clean all parameters for all variants
Add component (AddParameter): Name = "Created"; Value = "2018_09_04_AGeiger"; VariantName = "Buffer Shared Conversion"
Add component (AddParameter): Name = "Package"; Value = "0603"; VariantName = "Buffer Shared Conversion"
Add component (AddParameter): Name = "Value"; Value = "0R"; VariantName = "Buffer Shared Conversion"
Added Pin To Net: NetName=BCLK_P Pin=R36-1
Added Pin To Net: NetName=ANL_02_P Pin=R36-2
Added Pin To Net: NetName=CVN_A Pin=R36-3
Added Pin To Net: NetName=BCLK_N Pin=R44-1
Added Pin To Net: NetName=ANL_02_N Pin=R44-2
Added Pin To Net: NetName=CVN_B Pin=R44-3
