Change component parameters: Designator = "R41"; Footprint = "RESC1608X06N"; UniqueID = "\KUYADNDL\MBSGVYII"
Change component parameters. Clean all parameters for all variants
Change component parameters (AddParameter): Name = "MF"; Value = "Bourns"; VariantName = "[No Variations]"
Change component parameters (AddParameter): Name = "MPN"; Value = "CR0603-FX-1101ELF "; VariantName = "[No Variations]"
Change component parameters (AddParameter): Name = "Package"; Value = "0603"; VariantName = "[No Variations]"
Change component parameters (AddParameter): Name = "Supplier 1"; Value = "Mouser"; VariantName = "[No Variations]"
Change component parameters (AddParameter): Name = "Supplier Part Number 1"; Value = "652-CR0603FX-1101ELF "; VariantName = "[No Variations]"
Change component parameters (AddParameter): Name = "Tolerance"; Value = "1%"; VariantName = "[No Variations]"
Change component parameters (AddParameter): Name = "Value"; Value = "1.10k"; VariantName = "[No Variations]"
Added Component: Designator=C24(CAPC1608X07N)
Add component. Clean all parameters for all variants
Add component (AddParameter): Name = "Dielectric"; Value = "X5R"; VariantName = "[No Variations]"
Add component (AddParameter): Name = "MF"; Value = "Murata Electronics"; VariantName = "[No Variations]"
Add component (AddParameter): Name = "MPN"; Value = "GRT188R61H105KE13D"; VariantName = "[No Variations]"
Add component (AddParameter): Name = "Package"; Value = "0603"; VariantName = "[No Variations]"
Add component (AddParameter): Name = "Supplier 1"; Value = "Mouser"; VariantName = "[No Variations]"
Add component (AddParameter): Name = "Supplier 2"; Value = "Digi-Key"; VariantName = "[No Variations]"
Add component (AddParameter): Name = "Supplier Part Number 1"; Value = "81-GRT188R61H105KE3D"; VariantName = "[No Variations]"
Add component (AddParameter): Name = "Supplier Part Number 2"; Value = "490-12330-1-ND"; VariantName = "[No Variations]"
Add component (AddParameter): Name = "Value"; Value = "1µF"; VariantName = "[No Variations]"
Add component (AddParameter): Name = "Voltage"; Value = "50V"; VariantName = "[No Variations]"
Added Component: Designator=L5(WE-CBF_0805_High Current)
Add component. Clean all parameters for all variants
Add component (AddParameter): Name = "ComponentLink1Description"; Value = "Manufacturer"; VariantName = "[No Variations]"
Add component (AddParameter): Name = "ComponentLink1URL"; Value = "http://www.we-online.de"; VariantName = "[No Variations]"
Add component (AddParameter): Name = "ComponentLink2Description"; Value = "Datasheet"; VariantName = "[No Variations]"
Add component (AddParameter): Name = "ComponentLink2URL"; Value = "http://katalog.we-online.de/pbs/datasheet/742792040.pdf"; VariantName = "[No Variations]"
Add component (AddParameter): Name = "MF"; Value = "Würth Elektronik"; VariantName = "[No Variations]"
Add component (AddParameter): Name = "MPN"; Value = "742792040"; VariantName = "[No Variations]"
Add component (AddParameter): Name = "PublishedDate"; Value = ""; VariantName = "[No Variations]"
Add component (AddParameter): Name = "Size"; Value = "0805"; VariantName = "[No Variations]"
Add component (AddParameter): Name = "Supplier 1"; Value = "Farnell"; VariantName = "[No Variations]"
Add component (AddParameter): Name = "Supplier 2"; Value = "Mouser"; VariantName = "[No Variations]"
Add component (AddParameter): Name = "Supplier 3"; Value = "Digi-Key"; VariantName = "[No Variations]"
Add component (AddParameter): Name = "Supplier Part Number 1"; Value = "1635735"; VariantName = "[No Variations]"
Add component (AddParameter): Name = "Supplier Part Number 2"; Value = "710-742792040"; VariantName = "[No Variations]"
Add component (AddParameter): Name = "Supplier Part Number 3"; Value = "732-1620-1-ND"; VariantName = "[No Variations]"
Add component (AddParameter): Name = "Type"; Value = "High Current"; VariantName = "[No Variations]"
Add component (AddParameter): Name = "Value"; Value = "600O"; VariantName = "[No Variations]"
Added Component: Designator=R36(RESC1608X06N)
Add component. Clean all parameters for all variants
Add component (AddParameter): Name = "MF"; Value = ""; VariantName = "[No Variations]"
Add component (AddParameter): Name = "MPN"; Value = ""; VariantName = "[No Variations]"
Add component (AddParameter): Name = "Package"; Value = "0603"; VariantName = "[No Variations]"
Add component (AddParameter): Name = "Supplier 1"; Value = ""; VariantName = "[No Variations]"
Add component (AddParameter): Name = "Supplier Part Number 1"; Value = ""; VariantName = "[No Variations]"
Add component (AddParameter): Name = "Value"; Value = "dnp"; VariantName = "[No Variations]"
Added Component: Designator=TP18(TP_1mm)
Add component. Clean all parameters for all variants
Add component (AddParameter): Name = "Created"; Value = "2018_06_25_AGeiger"; VariantName = "[No Variations]"
Add component (AddParameter): Name = "Value"; Value = "Testpoint 1mm"; VariantName = "[No Variations]"
Added Component: Designator=TP22(TP_1mm)
Add component. Clean all parameters for all variants
Add component (AddParameter): Name = "Created"; Value = "2018_06_25_AGeiger"; VariantName = "[No Variations]"
Add component (AddParameter): Name = "Value"; Value = "Testpoint 1mm"; VariantName = "[No Variations]"
Added Component: Designator=TP23(TP_1mm)
Add component. Clean all parameters for all variants
Add component (AddParameter): Name = "Created"; Value = "2018_06_25_AGeiger"; VariantName = "[No Variations]"
Add component (AddParameter): Name = "Value"; Value = "Testpoint 1mm"; VariantName = "[No Variations]"
Added Pin To Net: NetName=Ron_P Pin=C24-1
Added Pin To Net: NetName=GND Pin=C24-2
Added Pin To Net: NetName=SW_N Pin=C58-1
Added Pin To Net: NetName=NetC58_2 Pin=C58-2
Added Pin To Net: NetName=GND Pin=C59-1
Added Pin To Net: NetName=NetC59_2 Pin=C59-2
Added Pin To Net: NetName=-5V Pin=C65-1
Added Pin To Net: NetName=24V_N Pin=C65-2
Added Pin To Net: NetName=-5V Pin=C66-1
Added Pin To Net: NetName=24V_N Pin=C66-2
Added Pin To Net: NetName=24V_N Pin=C67-1
Added Pin To Net: NetName=-5V Pin=C67-2
Added Pin To Net: NetName=-5V Pin=C68-1
Added Pin To Net: NetName=GND Pin=C68-2
Added Pin To Net: NetName=-5V Pin=C69-1
Added Pin To Net: NetName=GND Pin=C69-2
Added Pin To Net: NetName=-5V Pin=C70-1
Added Pin To Net: NetName=GND Pin=C70-2
Added Pin To Net: NetName=GND Pin=C71-1
Added Pin To Net: NetName=-5V Pin=C71-2
Added Pin To Net: NetName=NetC59_2 Pin=C72-1
Added Pin To Net: NetName=FB_Neg Pin=C72-2
Added Pin To Net: NetName=Ron_N Pin=C73-1
Added Pin To Net: NetName=-5V Pin=C73-2
Added Pin To Net: NetName=VCC_N Pin=C74-1
Added Pin To Net: NetName=-5V Pin=C74-2
Added Pin To Net: NetName=SW_N Pin=D5-1
Added Pin To Net: NetName=-5V Pin=D5-2
Added Pin To Net: NetName=conv_N Pin=L5-1
Added Pin To Net: NetName=24V_N Pin=L5-2
Added Pin To Net: NetName=SW_N Pin=L6-1
Added Pin To Net: NetName=GND Pin=L6-2
Added Pin To Net: NetName=GND Pin=R36-1
Added Pin To Net: NetName=Ron_P Pin=R36-2
Added Pin To Net: NetName=Ron_N Pin=R38-1
Added Pin To Net: NetName=24V_N Pin=R38-2
Added Pin To Net: NetName=NetC59_2 Pin=R39-1
Added Pin To Net: NetName=SW_N Pin=R39-2
Added Pin To Net: NetName=GND Pin=R41-1
Added Pin To Net: NetName=FB_Neg Pin=R41-2
Added Pin To Net: NetName=-5V Pin=R44-1
Added Pin To Net: NetName=Ron_N Pin=R44-2
Added Pin To Net: NetName=FB_Neg Pin=R46-1
Added Pin To Net: NetName=-5V Pin=R46-2
Added Pin To Net: NetName=-5V Pin=R47-1
Added Pin To Net: NetName=RCL_N Pin=R47-2
Added Pin To Net: NetName=GND Pin=TP18-1
Added Pin To Net: NetName=24V_N Pin=TP22-1
Added Pin To Net: NetName=-5V Pin=TP23-1
Added Pin To Net: NetName=SW_N Pin=U4-1
Added Pin To Net: NetName=NetC58_2 Pin=U4-2
Added Pin To Net: NetName=RCL_N Pin=U4-3
Added Pin To Net: NetName=-5V Pin=U4-4
Added Pin To Net: NetName=FB_Neg Pin=U4-5
Added Pin To Net: NetName=Ron_N Pin=U4-6
Added Pin To Net: NetName=VCC_N Pin=U4-7
Added Pin To Net: NetName=24V_N Pin=U4-8
Added Member To Class: ClassName=Power Member=Component C24 1µF
Added Member To Class: ClassName=Power Member=Component C58 10nF
Added Member To Class: ClassName=Power Member=Component C59 dnp
Added Member To Class: ClassName=Power Member=Component C65 10µF
Added Member To Class: ClassName=Power Member=Component C66 10µF
Added Member To Class: ClassName=Power Member=Component C67 100nF
Added Member To Class: ClassName=Power Member=Component C68 100nF
Added Member To Class: ClassName=Power Member=Component C69 47µF
Added Member To Class: ClassName=Power Member=Component C70 47µF
Added Member To Class: ClassName=Power Member=Component C71 220µF
Added Member To Class: ClassName=Power Member=Component C72 dnp
Added Member To Class: ClassName=Power Member=Component C73 1µF
Added Member To Class: ClassName=Power Member=Component C74 1µF
Added Member To Class: ClassName=Power Member=Component D5 BYS12-90
Added Member To Class: ClassName=Power Member=Component L5 600O
Added Member To Class: ClassName=Power Member=Component L6 150µH
Added Member To Class: ClassName=Power Member=Component R36 dnp
Added Member To Class: ClassName=Power Member=Component R38 162k
Added Member To Class: ClassName=Power Member=Component R39 dnp
Added Member To Class: ClassName=Power Member=Component R41 1.10k
Added Member To Class: ClassName=Power Member=Component R44 dnp
Added Member To Class: ClassName=Power Member=Component R46 1.02k
Added Member To Class: ClassName=Power Member=Component R47 133k
Added Member To Class: ClassName=Power Member=Component TP18 Testpoint 1mm
Added Member To Class: ClassName=Power Member=Component TP22 Testpoint 1mm
Added Member To Class: ClassName=Power Member=Component TP23 Testpoint 1mm
Added Member To Class: ClassName=Power Member=Component U4 LM5007
