Added Component: Designator=D14(WL-SMCW_0603)
Add component. Clean all parameters for all variants
Add component (AddParameter): Name = "Emitting Color"; Value = "Yellow"; VariantName = "[No Variations]"
Add component (AddParameter): Name = "Forward Voltage"; Value = "2V"; VariantName = "[No Variations]"
Add component (AddParameter): Name = "MF"; Value = "Wuerth Elektronik"; VariantName = "[No Variations]"
Add component (AddParameter): Name = "MPN"; Value = "150060YS75020"; VariantName = "[No Variations]"
Add component (AddParameter): Name = "Package"; Value = "0603"; VariantName = "[No Variations]"
Add component (AddParameter): Name = "Peack Wavelength"; Value = "595 nm"; VariantName = "[No Variations]"
Add component (AddParameter): Name = "Supplier"; Value = "Mouser"; VariantName = "[No Variations]"
Add component (AddParameter): Name = "Supplier Partnumber"; Value = "710-150060YS75020"; VariantName = "[No Variations]"
Add component (AddParameter): Name = "Value"; Value = "150060YS75020"; VariantName = "[No Variations]"
Added Component: Designator=R73(RESC1608X06N)
Add component. Clean all parameters for all variants
Add component (AddParameter): Name = "MF"; Value = "Vishay / Dale"; VariantName = "[No Variations]"
Add component (AddParameter): Name = "MPN"; Value = "RCS06036K04FKEA "; VariantName = "[No Variations]"
Add component (AddParameter): Name = "Package"; Value = "0603"; VariantName = "[No Variations]"
Add component (AddParameter): Name = "Supplier 1"; Value = "Mouser"; VariantName = "[No Variations]"
Add component (AddParameter): Name = "Supplier Part Number 1"; Value = "71-RCS06036K04FKEA "; VariantName = "[No Variations]"
Add component (AddParameter): Name = "Value"; Value = "6.04k"; VariantName = "[No Variations]"
Added Pin To Net: NetName=GND Pin=D14-2
Added Pin To Net: NetName=VCC- Pin=R73-1
Added Pin To Net: NetName=NetD14_1 Pin=D14-1
Added Pin To Net: NetName=NetD14_1 Pin=R73-2
Added Net: Name=NetD14_1
Added Member To Class: ClassName=U_AnalogConnector Member=Component D14 150060YS75020
Added Member To Class: ClassName=U_AnalogConnector Member=Component R73 6.04k
