Change Component Comment : Designator=R11 Old Comment=1k New Comment=1.02k
Change Component Comment : Designator=R9 Old Comment=1k New Comment=1.10k
Change Component Comment : Designator=C10 Old Comment=1u New Comment=1µF
Change Component Comment : Designator=L2 Old Comment=150mH New Comment=150µH
Change component parameters: Designator = "L2"; Footprint = "SMT_inductor_1050_Performance"; UniqueID = "\KUYADNDL\XJJDLYPU"
Change component parameters. Clean all parameters for all variants
Change component parameters (AddParameter): Name = "DCR"; Value = "320m"; VariantName = "[No Variations]"
Change component parameters (AddParameter): Name = "MF"; Value = "EPCOS / TDK"; VariantName = "[No Variations]"
Change component parameters (AddParameter): Name = "MPN"; Value = "B82464G4154M"; VariantName = "[No Variations]"
Change component parameters (AddParameter): Name = "Rated Current"; Value = "0.85 A"; VariantName = "[No Variations]"
Change component parameters (AddParameter): Name = "Supplier 1"; Value = "Mouser"; VariantName = "[No Variations]"
Change component parameters (AddParameter): Name = "Supplier Part Number 1"; Value = "871-B82464G4154M"; VariantName = "[No Variations]"
Change component parameters (AddParameter): Name = "Tolerance"; Value = "20%"; VariantName = "[No Variations]"
Change component parameters (AddParameter): Name = "Value"; Value = "150µH"; VariantName = "[No Variations]"
Change component parameters: Designator = "R9"; Footprint = "RESC1608X06N"; UniqueID = "\KUYADNDL\PYAEDDGY"
Change component parameters. Clean all parameters for all variants
Change component parameters (AddParameter): Name = "MF"; Value = "Bourns"; VariantName = "[No Variations]"
Change component parameters (AddParameter): Name = "MPN"; Value = "CR0603-FX-1101ELF "; VariantName = "[No Variations]"
Change component parameters (AddParameter): Name = "Package"; Value = "0603"; VariantName = "[No Variations]"
Change component parameters (AddParameter): Name = "Supplier 1"; Value = "Mouser"; VariantName = "[No Variations]"
Change component parameters (AddParameter): Name = "Supplier Part Number 1"; Value = "652-CR0603FX-1101ELF "; VariantName = "[No Variations]"
Change component parameters (AddParameter): Name = "Tolerance"; Value = "1%"; VariantName = "[No Variations]"
Change component parameters (AddParameter): Name = "Value"; Value = "1.10k"; VariantName = "[No Variations]"
Change component parameters: Designator = "R11"; Footprint = "RESC1608X06N"; UniqueID = "\KUYADNDL\VAVWWNTX"
Change component parameters. Clean all parameters for all variants
Change component parameters (AddParameter): Name = "MF"; Value = "Bourns"; VariantName = "[No Variations]"
Change component parameters (AddParameter): Name = "MPN"; Value = "CR0603-FX-1021ELF"; VariantName = "[No Variations]"
Change component parameters (AddParameter): Name = "Package"; Value = "0603"; VariantName = "[No Variations]"
Change component parameters (AddParameter): Name = "Supplier 1"; Value = "Mouser"; VariantName = "[No Variations]"
Change component parameters (AddParameter): Name = "Supplier Part Number 1"; Value = "652-CR0603FX-1021ELF"; VariantName = "[No Variations]"
Change component parameters (AddParameter): Name = "Tolerance"; Value = "1%"; VariantName = "[No Variations]"
Change component parameters (AddParameter): Name = "Value"; Value = "1.02k"; VariantName = "[No Variations]"
Change component parameters: Designator = "C10"; Footprint = "CAPC1608X07N"; UniqueID = "\KUYADNDL\OIPELCGT"
Change component parameters. Clean all parameters for all variants
Change component parameters (AddParameter): Name = "Dielectric"; Value = "X5R"; VariantName = "[No Variations]"
Change component parameters (AddParameter): Name = "MF"; Value = "Murata Electronics"; VariantName = "[No Variations]"
Change component parameters (AddParameter): Name = "MPN"; Value = "GRT188R61H105KE13D"; VariantName = "[No Variations]"
Change component parameters (AddParameter): Name = "Package"; Value = "0603"; VariantName = "[No Variations]"
Change component parameters (AddParameter): Name = "Supplier 1"; Value = "Mouser"; VariantName = "[No Variations]"
Change component parameters (AddParameter): Name = "Supplier 2"; Value = "Digi-Key"; VariantName = "[No Variations]"
Change component parameters (AddParameter): Name = "Supplier Part Number 1"; Value = "81-GRT188R61H105KE3D"; VariantName = "[No Variations]"
Change component parameters (AddParameter): Name = "Supplier Part Number 2"; Value = "490-12330-1-ND"; VariantName = "[No Variations]"
Change component parameters (AddParameter): Name = "Value"; Value = "1µF"; VariantName = "[No Variations]"
Change component parameters (AddParameter): Name = "Voltage"; Value = "50V"; VariantName = "[No Variations]"
Added Component: Designator=C71(CAPC1608X07N)
Add component. Clean all parameters for all variants
Add component (AddParameter): Name = "Dielectric"; Value = "X5R"; VariantName = "[No Variations]"
Add component (AddParameter): Name = "MF"; Value = "Murata Electronics"; VariantName = "[No Variations]"
Add component (AddParameter): Name = "MPN"; Value = "GRT188R61H105KE13D"; VariantName = "[No Variations]"
Add component (AddParameter): Name = "Package"; Value = "0603"; VariantName = "[No Variations]"
Add component (AddParameter): Name = "Supplier 1"; Value = "Mouser"; VariantName = "[No Variations]"
Add component (AddParameter): Name = "Supplier 2"; Value = "Digi-Key"; VariantName = "[No Variations]"
Add component (AddParameter): Name = "Supplier Part Number 1"; Value = "81-GRT188R61H105KE3D"; VariantName = "[No Variations]"
Add component (AddParameter): Name = "Supplier Part Number 2"; Value = "490-12330-1-ND"; VariantName = "[No Variations]"
Add component (AddParameter): Name = "Value"; Value = "1µF"; VariantName = "[No Variations]"
Add component (AddParameter): Name = "Voltage"; Value = "50V"; VariantName = "[No Variations]"
Added Component: Designator=C74(CAPC1608X07N)
Add component. Clean all parameters for all variants
Add component (AddParameter): Name = "Dielectric"; Value = "X5R"; VariantName = "[No Variations]"
Add component (AddParameter): Name = "MF"; Value = "Murata Electronics"; VariantName = "[No Variations]"
Add component (AddParameter): Name = "MPN"; Value = "GRT188R61H105KE13D"; VariantName = "[No Variations]"
Add component (AddParameter): Name = "Package"; Value = "0603"; VariantName = "[No Variations]"
Add component (AddParameter): Name = "Supplier 1"; Value = "Mouser"; VariantName = "[No Variations]"
Add component (AddParameter): Name = "Supplier 2"; Value = "Digi-Key"; VariantName = "[No Variations]"
Add component (AddParameter): Name = "Supplier Part Number 1"; Value = "81-GRT188R61H105KE3D"; VariantName = "[No Variations]"
Add component (AddParameter): Name = "Supplier Part Number 2"; Value = "490-12330-1-ND"; VariantName = "[No Variations]"
Add component (AddParameter): Name = "Value"; Value = "1µF"; VariantName = "[No Variations]"
Add component (AddParameter): Name = "Voltage"; Value = "50V"; VariantName = "[No Variations]"
Added Component: Designator=R41(RESC1608X06N)
Add component. Clean all parameters for all variants
Add component (AddParameter): Name = "MF"; Value = ""; VariantName = "[No Variations]"
Add component (AddParameter): Name = "MPN"; Value = ""; VariantName = "[No Variations]"
Add component (AddParameter): Name = "Package"; Value = "0603"; VariantName = "[No Variations]"
Add component (AddParameter): Name = "Supplier 1"; Value = ""; VariantName = "[No Variations]"
Add component (AddParameter): Name = "Supplier Part Number 1"; Value = ""; VariantName = "[No Variations]"
Add component (AddParameter): Name = "Value"; Value = "dnp"; VariantName = "[No Variations]"
Added Component: Designator=R47(RESC1608X06N)
Add component. Clean all parameters for all variants
Add component (AddParameter): Name = "MF"; Value = ""; VariantName = "[No Variations]"
Add component (AddParameter): Name = "MPN"; Value = ""; VariantName = "[No Variations]"
Add component (AddParameter): Name = "Package"; Value = "0603"; VariantName = "[No Variations]"
Add component (AddParameter): Name = "Supplier 1"; Value = ""; VariantName = "[No Variations]"
Add component (AddParameter): Name = "Supplier Part Number 1"; Value = ""; VariantName = "[No Variations]"
Add component (AddParameter): Name = "Value"; Value = "dnp"; VariantName = "[No Variations]"
Added Component: Designator=TP18(TP_1mm)
Add component. Clean all parameters for all variants
Add component (AddParameter): Name = "Created"; Value = "2018_06_25_AGeiger"; VariantName = "[No Variations]"
Add component (AddParameter): Name = "Value"; Value = "Testpoint 1mm"; VariantName = "[No Variations]"
Added Component: Designator=TP22(TP_1mm)
Add component. Clean all parameters for all variants
Add component (AddParameter): Name = "Created"; Value = "2018_06_25_AGeiger"; VariantName = "[No Variations]"
Add component (AddParameter): Name = "Value"; Value = "Testpoint 1mm"; VariantName = "[No Variations]"
Added Component: Designator=TP23(TP_1mm)
Add component. Clean all parameters for all variants
Add component (AddParameter): Name = "Created"; Value = "2018_06_25_AGeiger"; VariantName = "[No Variations]"
Add component (AddParameter): Name = "Value"; Value = "Testpoint 1mm"; VariantName = "[No Variations]"
Added Pin To Net: NetName=NetR7_2 Pin=C74-1
Added Pin To Net: NetName=GND Pin=C74-2
Added Pin To Net: NetName=GND Pin=R47-1
Added Pin To Net: NetName=NetR7_2 Pin=R47-2
Added Pin To Net: NetName=GND Pin=TP18-1
Change Net Name : Old Net Name=NetR7_2 New Net Name=Ron_P
Change Net Name : Old Net Name=SW New Net Name=SW_P
Change Net Name : Old Net Name=VIN New Net Name=conv_N
Change Net Name : Old Net Name=VIN_5V New Net Name=NetC3_2
Added Pin To Net: NetName=-5V Pin=C71-2
Added Pin To Net: NetName=-5V Pin=R41-1
Added Pin To Net: NetName=-5V Pin=TP23-1
Added Net: Name=-5V
Added Pin To Net: NetName=24V_N Pin=TP22-1
Added Net: Name=24V_N
Added Net: Name=FB_Neg
Added Net: Name=NetC23_2
Added Net: Name=NetC24_2
Added Net: Name=RCL_N
Added Pin To Net: NetName=Ron_N Pin=C71-1
Added Pin To Net: NetName=Ron_N Pin=R41-2
Added Net: Name=Ron_N
Added Net: Name=SW_N
Added Net: Name=VCC_N
Added Member To Class: ClassName=Power Member=Component C71 1µF
Added Member To Class: ClassName=Power Member=Component C74 1µF
Added Member To Class: ClassName=Power Member=Component R41 dnp
Added Member To Class: ClassName=Power Member=Component R47 dnp
Added Member To Class: ClassName=Power Member=Component TP18 Testpoint 1mm
Added Member To Class: ClassName=Power Member=Component TP22 Testpoint 1mm
Added Member To Class: ClassName=Power Member=Component TP23 Testpoint 1mm
