Circuit: * C:\Users\simon\Documents\ultrazohm_analog_ltc2311-16_3vxx\LTspice Simulationen\24-V Input and -5-V Output Inverting Buck Converter LM5007.asc

Instance "m:u1:8:1": Width narrower than recommended for a level 3 MOSFET.
u1:v18: Missing value, assumed 0V @ DC
u1:v17: Missing value, assumed 0V @ DC
Direct Newton iteration for .op point succeeded.
Ignoring empty pin current: Ix(u1:fb)
Ignoring empty pin current: Ix(u1:fb)
Changing Tseed to 4.88281e-010
Changing Tseed to 4.88281e-012
Changing Tseed to 4.88281e-009
Heightened Def Con from 1.63746e-006 to 1.63747e-006
Heightened Def Con from 2.86893e-006 to 2.86894e-006
Heightened Def Con from 6.01654e-005 to 6.01654e-005

Date: Tue Apr 14 16:27:43 2020
Total elapsed time: 389.145 seconds.

tnom = 27
temp = 27
method = modified trap
totiter = 1901847
traniter = 1901812
tranpoints = 580194
accept = 525878
rejected = 54316
matrix size = 114
fillins = 180
solver = Normal
Matrix Compiler1: 15.49 KB object code size  80.1/23.5/[9.1]
Matrix Compiler2: 11.51 KB object code size  11.3/32.6/[6.5]

