Circuit: * C:\Users\simon\Documents\ultrazohm_analog_ltc2311-16_3vxx\LTspice Simulationen\24-V Input and -5-V Output Inverting Buck Converter LM5007.asc

Instance "m:u1:8:1": Width narrower than recommended for a level 3 MOSFET.
u1:v18: Missing value, assumed 0V @ DC
u1:v17: Missing value, assumed 0V @ DC
Direct Newton iteration for .op point succeeded.
Ignoring empty pin current: Ix(u1:fb)
Ignoring empty pin current: Ix(u1:fb)
Changing Tseed to 4.88281e-010
Changing Tseed to 4.88281e-012
Changing Tseed to 4.88281e-009
Heightened Def Con from 1.63746e-006 to 1.63747e-006
Heightened Def Con from 2.86893e-006 to 2.86894e-006
Heightened Def Con from 6.01654e-005 to 6.01654e-005

Date: Fri Apr 10 17:41:48 2020
Total elapsed time: 40.362 seconds.

tnom = 27
temp = 27
method = modified trap
totiter = 284212
traniter = 284177
tranpoints = 82515
accept = 73738
rejected = 8777
matrix size = 114
fillins = 180
solver = Normal
Matrix Compiler1: 15.49 KB object code size  58.8/17.7/[6.9]
Matrix Compiler2: 11.51 KB object code size  11.9/18.4/[7.9]

