Circuit: * C:\Users\simon\Documents\ultrazohm_analog_ltc2311-16_3vxx\LTspice Simulationen\AnalogLTC2311-16_with_THS4521\ADC_ShuntSensitec_MitSpannungsfolgerV4_DiffAmpTHS4521_ADC-Driver_LTC2311_16Bit5MSPS_ohneADC.asc

WARNING: Less than two connections to node NC_03.  This node is used by V5.
WARNING: Less than two connections to node NC_04.  This node is used by V9.
WARNING: Less than two connections to node N004.  This node is used by V11.
Direct Newton iteration failed to find .op point.  (Use ".option noopiter" to skip.)
Starting Gmin stepping
Gmin = 10
Gmin = 1.07374
Gmin = 0.115292
Gmin = 0.0123794
Gmin = 0.00132923
vernier = 0.5
vernier = 0.25
vernier = 0.125
vernier = 0.0625
Gmin = 0.00100083
vernier = 0.03125
vernier = 0.015625
vernier = 0.0078125
vernier = 0.00390625
vernier = 0.00195313
Gmin = 0.00100083
vernier = 0.000976563
vernier = 0.000488281
Gmin = 0
Gmin stepping failed

Starting source stepping with srcstepmethod=0
Source Step = 3.0303%
Source Step = 8.35701%
Source Step = 8.47538%
Source Step = 8.59375%
Source Step = 8.71212%
Source Step = 8.83049%
vernier = 0.00585938
Source Step = 8.95478%
Source Step = 9.13234%
Source Step = 9.3099%
Source Step = 9.48745%
Source Step = 9.66501%
Source Step = 9.84257%
vernier = 0.00878906
Source Step = 10.1089%
Source Step = 10.3752%
Source Step = 10.6416%
Source Step = 10.9079%
Source Step = 11.1742%
vernier = 0.0131836
Source Step = 11.5604%
Source Step = 11.9599%
Source Step = 12.3594%
Source Step = 12.7589%
Source Step = 13.1584%
vernier = 0.0197754
Source Step = 13.7177%
Source Step = 14.317%
Source Step = 14.9163%
Source Step = 15.5155%
Source Step = 16.1148%
vernier = 0.0296631
Source Step = 16.9238%
Source Step = 17.8226%
Source Step = 18.7215%
Source Step = 19.6204%
Source Step = 20.5193%
vernier = 0.0444946
Source Step = 21.6878%
Source Step = 23.0361%
Source Step = 24.3845%
Source Step = 25.7328%
Source Step = 27.0811%
vernier = 0.0667419
Source Step = 28.7665%
Source Step = 30.789%
Source Step = 32.8115%
Source Step = 34.834%
Source Step = 36.8564%
vernier = 0.100113
Source Step = 39.2834%
Source Step = 42.3172%
Source Step = 45.3509%
Source Step = 48.3846%
Source Step = 51.4183%
vernier = 0.150169
Source Step = 54.9071%
Source Step = 59.4577%
Source Step = 64.0083%
Source Step = 68.5589%
Source Step = 73.1095%
vernier = 0.225254
Source Step = 78.1151%
Source Step = 84.941%
Source Step = 91.7669%
Source Step = 98.5927%
Source stepping succeeded in finding the operating point.

Ignoring empty pin current: Ix(u1:6)
Ignoring empty pin current: Ix(u1:7)
Ignoring empty pin current: Ix(u1:6)
Ignoring empty pin current: Ix(u1:7)

Date: Tue Jun 23 17:17:02 2020
Total elapsed time: 4.231 seconds.

tnom = 27
temp = 27
method = modified trap
totiter = 6389
traniter = 2127
tranpoints = 1064
accept = 1064
rejected = 0
matrix size = 195
fillins = 597
solver = Normal
Thread vector: 55.2/25.4[4] 15.9/9.2[4] 12.1/9.9[3] 4.2/18.6[1]  2592/500
Matrix Compiler1: 65.60 KB object code size  26.7/16.1/[5.2]
Matrix Compiler2: 27.28 KB object code size  16.8/44.3/[7.8]

